stm32f1xx_it.c:62:7:HAL_GPIO_EXTI_Callback	0	static
stm32f1xx_it.c:86:6:NMI_Handler	0	static
stm32f1xx_it.c:99:6:HardFault_Handler	0	static
stm32f1xx_it.c:114:6:MemManage_Handler	0	static
stm32f1xx_it.c:129:6:BusFault_Handler	0	static
stm32f1xx_it.c:144:6:UsageFault_Handler	0	static
stm32f1xx_it.c:159:6:SVC_Handler	0	static
stm32f1xx_it.c:172:6:DebugMon_Handler	0	static
stm32f1xx_it.c:185:6:PendSV_Handler	0	static
stm32f1xx_it.c:198:6:SysTick_Handler	0	static
stm32f1xx_it.c:219:6:EXTI3_IRQHandler	8	static
stm32f1xx_it.c:244:6:USB_LP_CAN1_RX0_IRQHandler	0	static
stm32f1xx_it.c:258:6:EXTI9_5_IRQHandler	0	static
stm32f1xx_it.c:272:6:TIM2_IRQHandler	16	static
