Archive member included to satisfy reference by file (symbol)

c:/program files (x86)/atollic/truestudio for stm32 9.3.0/armtools/bin/../lib/gcc/arm-atollic-eabi/6.3.1/../../../../arm-atollic-eabi/lib/armv7-m\libc_nano.a(lib_a-errno.o)
                              Src\syscalls.o (__errno)
c:/program files (x86)/atollic/truestudio for stm32 9.3.0/armtools/bin/../lib/gcc/arm-atollic-eabi/6.3.1/../../../../arm-atollic-eabi/lib/armv7-m\libc_nano.a(lib_a-impure.o)
                              c:/program files (x86)/atollic/truestudio for stm32 9.3.0/armtools/bin/../lib/gcc/arm-atollic-eabi/6.3.1/../../../../arm-atollic-eabi/lib/armv7-m\libc_nano.a(lib_a-errno.o) (_impure_ptr)
c:/program files (x86)/atollic/truestudio for stm32 9.3.0/armtools/bin/../lib/gcc/arm-atollic-eabi/6.3.1/../../../../arm-atollic-eabi/lib/armv7-m\libc_nano.a(lib_a-init.o)
                              startup\startup_stm32f103xb.o (__libc_init_array)
c:/program files (x86)/atollic/truestudio for stm32 9.3.0/armtools/bin/../lib/gcc/arm-atollic-eabi/6.3.1/../../../../arm-atollic-eabi/lib/armv7-m\libc_nano.a(lib_a-memset.o)
                              Drivers\STM32F1xx_HAL_Driver\Src\stm32f1xx_hal_rcc.o (memset)
c:/program files (x86)/atollic/truestudio for stm32 9.3.0/armtools/bin/../lib/gcc/arm-atollic-eabi/6.3.1/armv7-m\libgcc.a(_lshrdi3.o)
                              Drivers\STM32F1xx_HAL_Driver\Src\stm32f1xx_hal_flash.o (__aeabi_llsr)

Allocating common symbols
Common symbol       size              file

hUsbDeviceFS        0x2c4             Src\usb_device.o
RAM_load            0x4               Src\main.o
SOUND_left          0x4               Src\main.o
SOUND_right         0x4               Src\main.o
uwTick              0x4               Drivers\STM32F1xx_HAL_Driver\Src\stm32f1xx_hal.o
pFlash              0x20              Drivers\STM32F1xx_HAL_Driver\Src\stm32f1xx_hal_flash.o
UserRxBufferFS      0x3e8             Src\usbd_cdc_if.o
UserTxBufferFS      0x3e8             Src\usbd_cdc_if.o
CPU_load            0x4               Src\main.o
htim2               0x40              Src\main.o
hpcd_USB_FS         0x26c             Src\usbd_conf.o
USBD_StrDesc        0x200             Src\usbd_desc.o
NET_load            0x4               Src\main.o

Discarded input sections

 .text          0x00000000        0x0 c:/program files (x86)/atollic/truestudio for stm32 9.3.0/armtools/bin/../lib/gcc/arm-atollic-eabi/6.3.1/armv7-m/crti.o
 .data          0x00000000        0x0 c:/program files (x86)/atollic/truestudio for stm32 9.3.0/armtools/bin/../lib/gcc/arm-atollic-eabi/6.3.1/armv7-m/crti.o
 .bss           0x00000000        0x0 c:/program files (x86)/atollic/truestudio for stm32 9.3.0/armtools/bin/../lib/gcc/arm-atollic-eabi/6.3.1/armv7-m/crti.o
 .data          0x00000000        0x4 c:/program files (x86)/atollic/truestudio for stm32 9.3.0/armtools/bin/../lib/gcc/arm-atollic-eabi/6.3.1/armv7-m/crtbegin.o
 .text          0x00000000        0x0 Drivers\STM32F1xx_HAL_Driver\Src\stm32f1xx_hal.o
 .data          0x00000000        0x0 Drivers\STM32F1xx_HAL_Driver\Src\stm32f1xx_hal.o
 .bss           0x00000000        0x0 Drivers\STM32F1xx_HAL_Driver\Src\stm32f1xx_hal.o
 .text.HAL_MspInit
                0x00000000        0x2 Drivers\STM32F1xx_HAL_Driver\Src\stm32f1xx_hal.o
 .text.HAL_MspDeInit
                0x00000000        0x2 Drivers\STM32F1xx_HAL_Driver\Src\stm32f1xx_hal.o
 .text.HAL_DeInit
                0x00000000       0x20 Drivers\STM32F1xx_HAL_Driver\Src\stm32f1xx_hal.o
 .text.HAL_GetTickPrio
                0x00000000        0xc Drivers\STM32F1xx_HAL_Driver\Src\stm32f1xx_hal.o
 .text.HAL_SetTickFreq
                0x00000000       0x28 Drivers\STM32F1xx_HAL_Driver\Src\stm32f1xx_hal.o
 .text.HAL_GetTickFreq
                0x00000000        0xc Drivers\STM32F1xx_HAL_Driver\Src\stm32f1xx_hal.o
 .text.HAL_SuspendTick
                0x00000000       0x10 Drivers\STM32F1xx_HAL_Driver\Src\stm32f1xx_hal.o
 .text.HAL_ResumeTick
                0x00000000       0x10 Drivers\STM32F1xx_HAL_Driver\Src\stm32f1xx_hal.o
 .text.HAL_GetHalVersion
                0x00000000        0x8 Drivers\STM32F1xx_HAL_Driver\Src\stm32f1xx_hal.o
 .text.HAL_GetREVID
                0x00000000        0xc Drivers\STM32F1xx_HAL_Driver\Src\stm32f1xx_hal.o
 .text.HAL_GetDEVID
                0x00000000       0x10 Drivers\STM32F1xx_HAL_Driver\Src\stm32f1xx_hal.o
 .text.HAL_GetUIDw0
                0x00000000        0xc Drivers\STM32F1xx_HAL_Driver\Src\stm32f1xx_hal.o
 .text.HAL_GetUIDw1
                0x00000000        0xc Drivers\STM32F1xx_HAL_Driver\Src\stm32f1xx_hal.o
 .text.HAL_GetUIDw2
                0x00000000        0xc Drivers\STM32F1xx_HAL_Driver\Src\stm32f1xx_hal.o
 .text.HAL_DBGMCU_EnableDBGSleepMode
                0x00000000       0x10 Drivers\STM32F1xx_HAL_Driver\Src\stm32f1xx_hal.o
 .text.HAL_DBGMCU_DisableDBGSleepMode
                0x00000000       0x10 Drivers\STM32F1xx_HAL_Driver\Src\stm32f1xx_hal.o
 .text.HAL_DBGMCU_EnableDBGStopMode
[...]
Memory Configuration

Name             Origin             Length             Attributes
RAM              0x20000000         0x00005000         xrw
FLASH            0x08000000         0x00020000         xr
*default*        0x00000000         0xffffffff

Linker script and memory map

LOAD c:/program files (x86)/atollic/truestudio for stm32 9.3.0/armtools/bin/../lib/gcc/arm-atollic-eabi/6.3.1/armv7-m/crti.o
LOAD c:/program files (x86)/atollic/truestudio for stm32 9.3.0/armtools/bin/../lib/gcc/arm-atollic-eabi/6.3.1/armv7-m/crtbegin.o
LOAD Drivers\STM32F1xx_HAL_Driver\Src\stm32f1xx_hal.o
LOAD Drivers\STM32F1xx_HAL_Driver\Src\stm32f1xx_hal_cortex.o
LOAD Drivers\STM32F1xx_HAL_Driver\Src\stm32f1xx_hal_dma.o
LOAD Drivers\STM32F1xx_HAL_Driver\Src\stm32f1xx_hal_exti.o
LOAD Drivers\STM32F1xx_HAL_Driver\Src\stm32f1xx_hal_flash.o
LOAD Drivers\STM32F1xx_HAL_Driver\Src\stm32f1xx_hal_flash_ex.o
LOAD Drivers\STM32F1xx_HAL_Driver\Src\stm32f1xx_hal_gpio.o
LOAD Drivers\STM32F1xx_HAL_Driver\Src\stm32f1xx_hal_gpio_ex.o
LOAD Drivers\STM32F1xx_HAL_Driver\Src\stm32f1xx_hal_pcd.o
LOAD Drivers\STM32F1xx_HAL_Driver\Src\stm32f1xx_hal_pcd_ex.o
LOAD Drivers\STM32F1xx_HAL_Driver\Src\stm32f1xx_hal_pwr.o
LOAD Drivers\STM32F1xx_HAL_Driver\Src\stm32f1xx_hal_rcc.o
LOAD Drivers\STM32F1xx_HAL_Driver\Src\stm32f1xx_hal_rcc_ex.o
LOAD Drivers\STM32F1xx_HAL_Driver\Src\stm32f1xx_hal_tim.o
LOAD Drivers\STM32F1xx_HAL_Driver\Src\stm32f1xx_hal_tim_ex.o
LOAD Drivers\STM32F1xx_HAL_Driver\Src\stm32f1xx_ll_usb.o
LOAD Middlewares\ST\STM32_USB_Device_Library\Class\CDC\Src\usbd_cdc.o
LOAD Middlewares\ST\STM32_USB_Device_Library\Core\Src\usbd_core.o
LOAD Middlewares\ST\STM32_USB_Device_Library\Core\Src\usbd_ctlreq.o
LOAD Middlewares\ST\STM32_USB_Device_Library\Core\Src\usbd_ioreq.o
LOAD Src\main.o
LOAD Src\stm32f1xx_hal_msp.o
LOAD Src\stm32f1xx_it.o
LOAD Src\syscalls.o
LOAD Src\system_stm32f1xx.o
LOAD Src\usb_device.o
LOAD Src\usbd_cdc_if.o
LOAD Src\usbd_conf.o
LOAD Src\usbd_desc.o
LOAD startup\startup_stm32f103xb.o
                0x00000080                malloc_getpagesize_P = 0x80
START GROUP
LOAD c:/program files (x86)/atollic/truestudio for stm32 9.3.0/armtools/bin/../lib/gcc/arm-atollic-eabi/6.3.1/../../../../arm-atollic-eabi/lib/armv7-m\libc_nano.a
LOAD c:/program files (x86)/atollic/truestudio for stm32 9.3.0/armtools/bin/../lib/gcc/arm-atollic-eabi/6.3.1/../../../../arm-atollic-eabi/lib/armv7-m\libm.a
END GROUP
START GROUP
LOAD c:/program files (x86)/atollic/truestudio for stm32 9.3.0/armtools/bin/../lib/gcc/arm-atollic-eabi/6.3.1/armv7-m\libgcc.a
LOAD c:/program files (x86)/atollic/truestudio for stm32 9.3.0/armtools/bin/../lib/gcc/arm-atollic-eabi/6.3.1/../../../../arm-atollic-eabi/lib/armv7-m\libc_nano.a
END GROUP
START GROUP
LOAD c:/program files (x86)/atollic/truestudio for stm32 9.3.0/armtools/bin/../lib/gcc/arm-atollic-eabi/6.3.1/armv7-m\libgcc.a
LOAD c:/program files (x86)/atollic/truestudio for stm32 9.3.0/armtools/bin/../lib/gcc/arm-atollic-eabi/6.3.1/../../../../arm-atollic-eabi/lib/armv7-m\libc_nano.a
LOAD c:/program files (x86)/atollic/truestudio for stm32 9.3.0/armtools/bin/../lib/gcc/arm-atollic-eabi/6.3.1/../../../../arm-atollic-eabi/lib/armv7-m\libnosys.a
END GROUP
START GROUP
LOAD c:/program files (x86)/atollic/truestudio for stm32 9.3.0/armtools/bin/../lib/gcc/arm-atollic-eabi/6.3.1/armv7-m\libgcc.a
LOAD c:/program files (x86)/atollic/truestudio for stm32 9.3.0/armtools/bin/../lib/gcc/arm-atollic-eabi/6.3.1/../../../../arm-atollic-eabi/lib/armv7-m\libc_nano.a
LOAD c:/program files (x86)/atollic/truestudio for stm32 9.3.0/armtools/bin/../lib/gcc/arm-atollic-eabi/6.3.1/../../../../arm-atollic-eabi/lib/armv7-m\libnosys.a
END GROUP
LOAD c:/program files (x86)/atollic/truestudio for stm32 9.3.0/armtools/bin/../lib/gcc/arm-atollic-eabi/6.3.1/armv7-m/crtend.o
LOAD c:/program files (x86)/atollic/truestudio for stm32 9.3.0/armtools/bin/../lib/gcc/arm-atollic-eabi/6.3.1/armv7-m/crtn.o
                0x20005000                _estack = 0x20005000
                0x00000200                _Min_Heap_Size = 0x200
                0x00000400                _Min_Stack_Size = 0x400

.isr_vector     0x08000000      0x10c
                0x08000000                . = ALIGN (0x4)
 *(.isr_vector)
 .isr_vector    0x08000000      0x10c startup\startup_stm32f103xb.o
                0x08000000                g_pfnVectors
                0x0800010c                . = ALIGN (0x4)

.text           0x0800010c     0x3104
                0x0800010c                . = ALIGN (0x4)
 *(.text)
 .text          0x0800010c       0x40 c:/program files (x86)/atollic/truestudio for stm32 9.3.0/armtools/bin/../lib/gcc/arm-atollic-eabi/6.3.1/armv7-m/crtbegin.o
 *(.text*)
 .text.HAL_InitTick
                0x0800014c       0x48 Drivers\STM32F1xx_HAL_Driver\Src\stm32f1xx_hal.o
                0x0800014c                HAL_InitTick
 .text.HAL_Init
                0x08000194       0x24 Drivers\STM32F1xx_HAL_Driver\Src\stm32f1xx_hal.o
                0x08000194                HAL_Init
 .text.HAL_IncTick
                0x080001b8       0x18 Drivers\STM32F1xx_HAL_Driver\Src\stm32f1xx_hal.o
                0x080001b8                HAL_IncTick
 .text.HAL_GetTick
                0x080001d0        0xc Drivers\STM32F1xx_HAL_Driver\Src\stm32f1xx_hal.o
                0x080001d0                HAL_GetTick
 .text.HAL_Delay
                0x080001dc       0x24 Drivers\STM32F1xx_HAL_Driver\Src\stm32f1xx_hal.o
                0x080001dc                HAL_Delay
 .text.HAL_NVIC_SetPriorityGrouping
                0x08000200       0x24 Drivers\STM32F1xx_HAL_Driver\Src\stm32f1xx_hal_cortex.o
                0x08000200                HAL_NVIC_SetPriorityGrouping
 .text.HAL_NVIC_SetPriority
                0x08000224       0x68 Drivers\STM32F1xx_HAL_Driver\Src\stm32f1xx_hal_cortex.o
                0x08000224                HAL_NVIC_SetPriority
 .text.HAL_NVIC_EnableIRQ
                0x0800028c       0x1c Drivers\STM32F1xx_HAL_Driver\Src\stm32f1xx_hal_cortex.o
                0x0800028c                HAL_NVIC_EnableIRQ
 .text.HAL_SYSTICK_Config
                0x080002a8       0x2c Drivers\STM32F1xx_HAL_Driver\Src\stm32f1xx_hal_cortex.o
                0x080002a8                HAL_SYSTICK_Config
 .text.HAL_GPIO_Init
                0x080002d4      0x1c4 Drivers\STM32F1xx_HAL_Driver\Src\stm32f1xx_hal_gpio.o
                0x080002d4                HAL_GPIO_Init
 .text.HAL_GPIO_WritePin
                0x08000498        0xa Drivers\STM32F1xx_HAL_Driver\Src\stm32f1xx_hal_gpio.o
                0x08000498                HAL_GPIO_WritePin
 *fill*         0x080004a2        0x2 
 .text.HAL_GPIO_EXTI_IRQHandler
                0x080004a4       0x18 Drivers\STM32F1xx_HAL_Driver\Src\stm32f1xx_hal_gpio.o
                0x080004a4                HAL_GPIO_EXTI_IRQHandler
 .text.HAL_PCD_Init
                0x080004bc       0xea Drivers\STM32F1xx_HAL_Driver\Src\stm32f1xx_hal_pcd.o
                0x080004bc                HAL_PCD_Init
 .text.HAL_PCD_Start
                0x080005a6       0x2e Drivers\STM32F1xx_HAL_Driver\Src\stm32f1xx_hal_pcd.o
                0x080005a6                HAL_PCD_Start
 .text.HAL_PCD_SetAddress
                0x080005d4       0x28 Drivers\STM32F1xx_HAL_Driver\Src\stm32f1xx_hal_pcd.o
                0x080005d4                HAL_PCD_SetAddress
 .text.HAL_PCD_EP_Open
                0x080005fc       0x66 Drivers\STM32F1xx_HAL_Driver\Src\stm32f1xx_hal_pcd.o
                0x080005fc                HAL_PCD_EP_Open
 .text.HAL_PCD_EP_Close
                0x08000662       0x52 Drivers\STM32F1xx_HAL_Driver\Src\stm32f1xx_hal_pcd.o
                0x08000662                HAL_PCD_EP_Close
 .text.HAL_PCD_EP_Receive
                0x080006b4       0x30 Drivers\STM32F1xx_HAL_Driver\Src\stm32f1xx_hal_pcd.o
                0x080006b4                HAL_PCD_EP_Receive
 .text.HAL_PCD_EP_GetRxCount
                0x080006e4        0xe Drivers\STM32F1xx_HAL_Driver\Src\stm32f1xx_hal_pcd.o
                0x080006e4                HAL_PCD_EP_GetRxCount
 .text.HAL_PCD_EP_Transmit
                0x080006f2       0x2c Drivers\STM32F1xx_HAL_Driver\Src\stm32f1xx_hal_pcd.o
                0x080006f2                HAL_PCD_EP_Transmit
 *fill*         0x0800071e        0x2 
 .text.HAL_PCD_IRQHandler
                0x08000720      0x44c Drivers\STM32F1xx_HAL_Driver\Src\stm32f1xx_hal_pcd.o
                0x08000720                HAL_PCD_IRQHandler
 .text.HAL_PCD_EP_SetStall
                0x08000b6c       0x68 Drivers\STM32F1xx_HAL_Driver\Src\stm32f1xx_hal_pcd.o
                0x08000b6c                HAL_PCD_EP_SetStall
 .text.HAL_PCD_EP_ClrStall
                0x08000bd4       0x64 Drivers\STM32F1xx_HAL_Driver\Src\stm32f1xx_hal_pcd.o
                0x08000bd4                HAL_PCD_EP_ClrStall
 .text.HAL_PCDEx_PMAConfig
                0x08000c38       0x30 Drivers\STM32F1xx_HAL_Driver\Src\stm32f1xx_hal_pcd_ex.o
                0x08000c38                HAL_PCDEx_PMAConfig
 .text.HAL_RCC_OscConfig
                0x08000c68      0x33c Drivers\STM32F1xx_HAL_Driver\Src\stm32f1xx_hal_rcc.o
                0x08000c68                HAL_RCC_OscConfig
 .text.HAL_RCC_GetSysClockFreq
                0x08000fa4       0x78 Drivers\STM32F1xx_HAL_Driver\Src\stm32f1xx_hal_rcc.o
                0x08000fa4                HAL_RCC_GetSysClockFreq
 .text.HAL_RCC_ClockConfig
                0x0800101c      0x13c Drivers\STM32F1xx_HAL_Driver\Src\stm32f1xx_hal_rcc.o
                0x0800101c                HAL_RCC_ClockConfig
 .text.HAL_RCCEx_PeriphCLKConfig
                0x08001158       0xf0 Drivers\STM32F1xx_HAL_Driver\Src\stm32f1xx_hal_rcc_ex.o
                0x08001158                HAL_RCCEx_PeriphCLKConfig
 .text.HAL_TIM_Base_Start_IT
                0x08001248       0x20 Drivers\STM32F1xx_HAL_Driver\Src\stm32f1xx_hal_tim.o
                0x08001248                HAL_TIM_Base_Start_IT
 .text.HAL_TIM_OC_DelayElapsedCallback
                0x08001268        0x2 Drivers\STM32F1xx_HAL_Driver\Src\stm32f1xx_hal_tim.o
                0x08001268                HAL_TIM_OC_DelayElapsedCallback
 .text.HAL_TIM_IC_CaptureCallback
                0x0800126a        0x2 Drivers\STM32F1xx_HAL_Driver\Src\stm32f1xx_hal_tim.o
                0x0800126a                HAL_TIM_IC_CaptureCallback
 .text.HAL_TIM_PWM_PulseFinishedCallback
                0x0800126c        0x2 Drivers\STM32F1xx_HAL_Driver\Src\stm32f1xx_hal_tim.o
                0x0800126c                HAL_TIM_PWM_PulseFinishedCallback
 .text.HAL_TIM_TriggerCallback
                0x0800126e        0x2 Drivers\STM32F1xx_HAL_Driver\Src\stm32f1xx_hal_tim.o
                0x0800126e                HAL_TIM_TriggerCallback
 .text.HAL_TIM_IRQHandler
                0x08001270      0x144 Drivers\STM32F1xx_HAL_Driver\Src\stm32f1xx_hal_tim.o
                0x08001270                HAL_TIM_IRQHandler
 .text.TIM_Base_SetConfig
                0x080013b4       0x70 Drivers\STM32F1xx_HAL_Driver\Src\stm32f1xx_hal_tim.o
                0x080013b4                TIM_Base_SetConfig
 .text.HAL_TIM_Base_Init
                0x08001424       0x34 Drivers\STM32F1xx_HAL_Driver\Src\stm32f1xx_hal_tim.o
                0x08001424                HAL_TIM_Base_Init
 .text.TIM_ETR_SetConfig
                0x08001458       0x14 Drivers\STM32F1xx_HAL_Driver\Src\stm32f1xx_hal_tim.o
                0x08001458                TIM_ETR_SetConfig
 .text.HAL_TIM_ConfigClockSource
                0x0800146c      0x128 Drivers\STM32F1xx_HAL_Driver\Src\stm32f1xx_hal_tim.o
                0x0800146c                HAL_TIM_ConfigClockSource
 .text.HAL_TIMEx_MasterConfigSynchronization
                0x08001594       0x3c Drivers\STM32F1xx_HAL_Driver\Src\stm32f1xx_hal_tim_ex.o
                0x08001594                HAL_TIMEx_MasterConfigSynchronization
 .text.HAL_TIMEx_CommutCallback
                0x080015d0        0x2 Drivers\STM32F1xx_HAL_Driver\Src\stm32f1xx_hal_tim_ex.o
                0x080015d0                HAL_TIMEx_CommutCallback
 .text.HAL_TIMEx_BreakCallback
                0x080015d2        0x2 Drivers\STM32F1xx_HAL_Driver\Src\stm32f1xx_hal_tim_ex.o
                0x080015d2                HAL_TIMEx_BreakCallback
 .text.USB_CoreInit
                0x080015d4        0xe Drivers\STM32F1xx_HAL_Driver\Src\stm32f1xx_ll_usb.o
                0x080015d4                USB_CoreInit
 .text.USB_EnableGlobalInt
                0x080015e2       0x12 Drivers\STM32F1xx_HAL_Driver\Src\stm32f1xx_ll_usb.o
                0x080015e2                USB_EnableGlobalInt
 .text.USB_DisableGlobalInt
                0x080015f4       0x14 Drivers\STM32F1xx_HAL_Driver\Src\stm32f1xx_ll_usb.o
                0x080015f4                USB_DisableGlobalInt
 .text.USB_SetCurrentMode
                0x08001608        0x4 Drivers\STM32F1xx_HAL_Driver\Src\stm32f1xx_ll_usb.o
                0x08001608                USB_SetCurrentMode
 .text.USB_DevInit
                0x0800160c       0x36 Drivers\STM32F1xx_HAL_Driver\Src\stm32f1xx_ll_usb.o
                0x0800160c                USB_DevInit
 *fill*         0x08001642        0x2 
 .text.USB_ActivateEndpoint
                0x08001644      0x2f0 Drivers\STM32F1xx_HAL_Driver\Src\stm32f1xx_ll_usb.o
                0x08001644                USB_ActivateEndpoint
 .text.USB_DeactivateEndpoint
                0x08001934      0x1be Drivers\STM32F1xx_HAL_Driver\Src\stm32f1xx_ll_usb.o
                0x08001934                USB_DeactivateEndpoint
 .text.USB_EPSetStall
                0x08001af2       0x40 Drivers\STM32F1xx_HAL_Driver\Src\stm32f1xx_ll_usb.o
                0x08001af2                USB_EPSetStall
 .text.USB_EPClearStall
                0x08001b32       0x96 Drivers\STM32F1xx_HAL_Driver\Src\stm32f1xx_ll_usb.o
                0x08001b32                USB_EPClearStall
 .text.USB_SetDevAddress
                0x08001bc8        0xc Drivers\STM32F1xx_HAL_Driver\Src\stm32f1xx_ll_usb.o
                0x08001bc8                USB_SetDevAddress
 .text.USB_DevConnect
                0x08001bd4        0x4 Drivers\STM32F1xx_HAL_Driver\Src\stm32f1xx_ll_usb.o
                0x08001bd4                USB_DevConnect
 .text.USB_DevDisconnect
                0x08001bd8        0x4 Drivers\STM32F1xx_HAL_Driver\Src\stm32f1xx_ll_usb.o
                0x08001bd8                USB_DevDisconnect
 .text.USB_ReadInterrupts
                0x08001bdc        0x8 Drivers\STM32F1xx_HAL_Driver\Src\stm32f1xx_ll_usb.o
                0x08001bdc                USB_ReadInterrupts
 .text.USB_EP0_OutStart
                0x08001be4        0x4 Drivers\STM32F1xx_HAL_Driver\Src\stm32f1xx_ll_usb.o
                0x08001be4                USB_EP0_OutStart
 .text.USB_WritePMA
                0x08001be8       0x20 Drivers\STM32F1xx_HAL_Driver\Src\stm32f1xx_ll_usb.o
                0x08001be8                USB_WritePMA
 .text.USB_EPStartXfer
                0x08001c08      0x1d0 Drivers\STM32F1xx_HAL_Driver\Src\stm32f1xx_ll_usb.o
                0x08001c08                USB_EPStartXfer
 .text.USB_ReadPMA
                0x08001dd8       0x38 Drivers\STM32F1xx_HAL_Driver\Src\stm32f1xx_ll_usb.o
                0x08001dd8                USB_ReadPMA
 .text.USBD_CDC_EP0_RxReady
                0x08001e10       0x28 Middlewares\ST\STM32_USB_Device_Library\Class\CDC\Src\usbd_cdc.o
 .text.USBD_CDC_GetFSCfgDesc
                0x08001e38        0xc Middlewares\ST\STM32_USB_Device_Library\Class\CDC\Src\usbd_cdc.o
 .text.USBD_CDC_GetHSCfgDesc
                0x08001e44        0xc Middlewares\ST\STM32_USB_Device_Library\Class\CDC\Src\usbd_cdc.o
 .text.USBD_CDC_GetOtherSpeedCfgDesc
                0x08001e50        0xc Middlewares\ST\STM32_USB_Device_Library\Class\CDC\Src\usbd_cdc.o
 .text.USBD_CDC_GetDeviceQualifierDescriptor
                0x08001e5c        0xc Middlewares\ST\STM32_USB_Device_Library\Class\CDC\Src\usbd_cdc.o
                0x08001e5c                USBD_CDC_GetDeviceQualifierDescriptor
 .text.USBD_CDC_DataOut
                0x08001e68       0x2e Middlewares\ST\STM32_USB_Device_Library\Class\CDC\Src\usbd_cdc.o
 .text.USBD_CDC_DataIn
                0x08001e96       0x40 Middlewares\ST\STM32_USB_Device_Library\Class\CDC\Src\usbd_cdc.o
 .text.USBD_CDC_Setup
                0x08001ed6       0xbc Middlewares\ST\STM32_USB_Device_Library\Class\CDC\Src\usbd_cdc.o
 .text.USBD_CDC_DeInit
                0x08001f92       0x42 Middlewares\ST\STM32_USB_Device_Library\Class\CDC\Src\usbd_cdc.o
 .text.USBD_CDC_Init
                0x08001fd4       0xaa Middlewares\ST\STM32_USB_Device_Library\Class\CDC\Src\usbd_cdc.o
 .text.USBD_CDC_RegisterInterface
                0x0800207e        0xe Middlewares\ST\STM32_USB_Device_Library\Class\CDC\Src\usbd_cdc.o
                0x0800207e                USBD_CDC_RegisterInterface
 .text.USBD_CDC_SetTxBuffer
                0x0800208c       0x10 Middlewares\ST\STM32_USB_Device_Library\Class\CDC\Src\usbd_cdc.o
                0x0800208c                USBD_CDC_SetTxBuffer
 .text.USBD_CDC_SetRxBuffer
                0x0800209c        0xc Middlewares\ST\STM32_USB_Device_Library\Class\CDC\Src\usbd_cdc.o
                0x0800209c                USBD_CDC_SetRxBuffer
 .text.USBD_CDC_ReceivePacket
                0x080020a8       0x26 Middlewares\ST\STM32_USB_Device_Library\Class\CDC\Src\usbd_cdc.o
                0x080020a8                USBD_CDC_ReceivePacket
 .text.USBD_Init
                0x080020ce       0x2a Middlewares\ST\STM32_USB_Device_Library\Core\Src\usbd_core.o
                0x080020ce                USBD_Init
 .text.USBD_RegisterClass
                0x080020f8        0xe Middlewares\ST\STM32_USB_Device_Library\Core\Src\usbd_core.o
                0x080020f8                USBD_RegisterClass
 .text.USBD_Start
                0x08002106        0xa Middlewares\ST\STM32_USB_Device_Library\Core\Src\usbd_core.o
                0x08002106                USBD_Start
 .text.USBD_SetClassConfig
                0x08002110       0x16 Middlewares\ST\STM32_USB_Device_Library\Core\Src\usbd_core.o
                0x08002110                USBD_SetClassConfig
 .text.USBD_ClrClassConfig
                0x08002126        0xe Middlewares\ST\STM32_USB_Device_Library\Core\Src\usbd_core.o
                0x08002126                USBD_ClrClassConfig
 .text.USBD_LL_SetupStage
                0x08002134       0x5a Middlewares\ST\STM32_USB_Device_Library\Core\Src\usbd_core.o
                0x08002134                USBD_LL_SetupStage
 .text.USBD_LL_DataOutStage
                0x0800218e       0x74 Middlewares\ST\STM32_USB_Device_Library\Core\Src\usbd_core.o
                0x0800218e                USBD_LL_DataOutStage
 .text.USBD_LL_DataInStage
                0x08002202       0xb6 Middlewares\ST\STM32_USB_Device_Library\Core\Src\usbd_core.o
                0x08002202                USBD_LL_DataInStage
 .text.USBD_LL_Reset
                0x080022b8       0x4e Middlewares\ST\STM32_USB_Device_Library\Core\Src\usbd_core.o
                0x080022b8                USBD_LL_Reset
 .text.USBD_LL_SetSpeed
                0x08002306        0x6 Middlewares\ST\STM32_USB_Device_Library\Core\Src\usbd_core.o
                0x08002306                USBD_LL_SetSpeed
 .text.USBD_LL_Suspend
                0x0800230c       0x12 Middlewares\ST\STM32_USB_Device_Library\Core\Src\usbd_core.o
                0x0800230c                USBD_LL_Suspend
 .text.USBD_LL_Resume
                0x0800231e       0x14 Middlewares\ST\STM32_USB_Device_Library\Core\Src\usbd_core.o
                0x0800231e                USBD_LL_Resume
 .text.USBD_LL_SOF
                0x08002332       0x18 Middlewares\ST\STM32_USB_Device_Library\Core\Src\usbd_core.o
                0x08002332                USBD_LL_SOF
 .text.USBD_CtlError.constprop.1
                0x0800234a       0x16 Middlewares\ST\STM32_USB_Device_Library\Core\Src\usbd_ctlreq.o
 .text.USBD_StdDevReq
                0x08002360      0x248 Middlewares\ST\STM32_USB_Device_Library\Core\Src\usbd_ctlreq.o
                0x08002360                USBD_StdDevReq
 .text.USBD_StdItfReq
                0x080025a8       0x4a Middlewares\ST\STM32_USB_Device_Library\Core\Src\usbd_ctlreq.o
                0x080025a8                USBD_StdItfReq
 .text.USBD_StdEPReq
                0x080025f2      0x112 Middlewares\ST\STM32_USB_Device_Library\Core\Src\usbd_ctlreq.o
                0x080025f2                USBD_StdEPReq
 .text.USBD_ParseSetupRequest
                0x08002704       0x28 Middlewares\ST\STM32_USB_Device_Library\Core\Src\usbd_ctlreq.o
                0x08002704                USBD_ParseSetupRequest
 .text.USBD_CtlError
                0x0800272c       0x16 Middlewares\ST\STM32_USB_Device_Library\Core\Src\usbd_ctlreq.o
                0x0800272c                USBD_CtlError
 .text.USBD_GetString
                0x08002742       0x38 Middlewares\ST\STM32_USB_Device_Library\Core\Src\usbd_ctlreq.o
                0x08002742                USBD_GetString
 .text.USBD_CtlSendData
                0x0800277a       0x1a Middlewares\ST\STM32_USB_Device_Library\Core\Src\usbd_ioreq.o
                0x0800277a                USBD_CtlSendData
 .text.USBD_CtlContinueSendData
                0x08002794       0x10 Middlewares\ST\STM32_USB_Device_Library\Core\Src\usbd_ioreq.o
                0x08002794                USBD_CtlContinueSendData
 .text.USBD_CtlPrepareRx
                0x080027a4       0x1e Middlewares\ST\STM32_USB_Device_Library\Core\Src\usbd_ioreq.o
                0x080027a4                USBD_CtlPrepareRx
 .text.USBD_CtlContinueRx
                0x080027c2       0x10 Middlewares\ST\STM32_USB_Device_Library\Core\Src\usbd_ioreq.o
                0x080027c2                USBD_CtlContinueRx
 .text.USBD_CtlSendStatus
                0x080027d2       0x16 Middlewares\ST\STM32_USB_Device_Library\Core\Src\usbd_ioreq.o
                0x080027d2                USBD_CtlSendStatus
 .text.USBD_CtlReceiveStatus
                0x080027e8       0x16 Middlewares\ST\STM32_USB_Device_Library\Core\Src\usbd_ioreq.o
                0x080027e8                USBD_CtlReceiveStatus
 *fill*         0x080027fe        0x2 
 .text.HAL_TIM_PeriodElapsedCallback
                0x08002800       0x24 Src\main.o
                0x08002800                HAL_TIM_PeriodElapsedCallback
 .text.update_led
                0x08002824      0x140 Src\main.o
                0x08002824                update_led
 .text.HAL_GPIO_EXTI_Callback
                0x08002964       0x48 Src\main.o
                0x08002964                HAL_GPIO_EXTI_Callback
 .text.Reseive_USB
                0x080029ac       0x74 Src\main.o
                0x080029ac                Reseive_USB
 .text.SystemClock_Config
                0x08002a20       0x72 Src\main.o
                0x08002a20                SystemClock_Config
 *fill*         0x08002a92        0x2 
 .text.startup.main
                0x08002a94      0x1d0 Src\main.o
                0x08002a94                main
 .text.Error_Handler
                0x08002c64        0x2 Src\main.o
                0x08002c64                Error_Handler
 *fill*         0x08002c66        0x2 
 .text.HAL_MspInit
                0x08002c68       0x44 Src\stm32f1xx_hal_msp.o
                0x08002c68                HAL_MspInit
 .text.HAL_TIM_Base_MspInit
                0x08002cac       0x36 Src\stm32f1xx_hal_msp.o
                0x08002cac                HAL_TIM_Base_MspInit
 .text.NMI_Handler
                0x08002ce2        0x2 Src\stm32f1xx_it.o
                0x08002ce2                NMI_Handler
 .text.HardFault_Handler
                0x08002ce4        0x2 Src\stm32f1xx_it.o
                0x08002ce4                HardFault_Handler
 .text.MemManage_Handler
                0x08002ce6        0x2 Src\stm32f1xx_it.o
                0x08002ce6                MemManage_Handler
 .text.BusFault_Handler
                0x08002ce8        0x2 Src\stm32f1xx_it.o
                0x08002ce8                BusFault_Handler
 .text.UsageFault_Handler
                0x08002cea        0x2 Src\stm32f1xx_it.o
                0x08002cea                UsageFault_Handler
 .text.SVC_Handler
                0x08002cec        0x2 Src\stm32f1xx_it.o
                0x08002cec                SVC_Handler
 .text.DebugMon_Handler
                0x08002cee        0x2 Src\stm32f1xx_it.o
                0x08002cee                DebugMon_Handler
 .text.PendSV_Handler
                0x08002cf0        0x2 Src\stm32f1xx_it.o
                0x08002cf0                PendSV_Handler
 .text.SysTick_Handler
                0x08002cf2        0x4 Src\stm32f1xx_it.o
                0x08002cf2                SysTick_Handler
 .text.EXTI3_IRQHandler
                0x08002cf6        0x6 Src\stm32f1xx_it.o
                0x08002cf6                EXTI3_IRQHandler
 .text.USB_LP_CAN1_RX0_IRQHandler
                0x08002cfc        0xc Src\stm32f1xx_it.o
                0x08002cfc                USB_LP_CAN1_RX0_IRQHandler
 .text.EXTI9_5_IRQHandler
                0x08002d08        0x6 Src\stm32f1xx_it.o
                0x08002d08                EXTI9_5_IRQHandler
 *fill*         0x08002d0e        0x2 
 .text.TIM2_IRQHandler
                0x08002d10        0xc Src\stm32f1xx_it.o
                0x08002d10                TIM2_IRQHandler
 .text.SystemInit
                0x08002d1c       0x4c Src\system_stm32f1xx.o
                0x08002d1c                SystemInit
 .text.MX_USB_DEVICE_Init
                0x08002d68       0x50 Src\usb_device.o
                0x08002d68                MX_USB_DEVICE_Init
 .text.CDC_DeInit_FS
                0x08002db8        0x4 Src\usbd_cdc_if.o
 .text.CDC_Control_FS
                0x08002dbc        0x4 Src\usbd_cdc_if.o
 .text.CDC_Receive_FS
                0x08002dc0       0x28 Src\usbd_cdc_if.o
 .text.CDC_Init_FS
                0x08002de8       0x28 Src\usbd_cdc_if.o
 .text.HAL_PCD_MspInit
                0x08002e10       0x3c Src\usbd_conf.o
                0x08002e10                HAL_PCD_MspInit
 .text.HAL_PCD_SetupStageCallback
                0x08002e4c        0xc Src\usbd_conf.o
                0x08002e4c                HAL_PCD_SetupStageCallback
 .text.HAL_PCD_DataOutStageCallback
                0x08002e58       0x10 Src\usbd_conf.o
                0x08002e58                HAL_PCD_DataOutStageCallback
 .text.HAL_PCD_DataInStageCallback
                0x08002e68        0xe Src\usbd_conf.o
                0x08002e68                HAL_PCD_DataInStageCallback
 .text.HAL_PCD_SOFCallback
                0x08002e76        0x8 Src\usbd_conf.o
                0x08002e76                HAL_PCD_SOFCallback
 .text.HAL_PCD_ResetCallback
                0x08002e7e       0x24 Src\usbd_conf.o
                0x08002e7e                HAL_PCD_ResetCallback
 *fill*         0x08002ea2        0x2 
 .text.HAL_PCD_SuspendCallback
                0x08002ea4       0x20 Src\usbd_conf.o
                0x08002ea4                HAL_PCD_SuspendCallback
 .text.HAL_PCD_ResumeCallback
                0x08002ec4        0x8 Src\usbd_conf.o
                0x08002ec4                HAL_PCD_ResumeCallback
 .text.USBD_LL_Init
                0x08002ecc       0x80 Src\usbd_conf.o
                0x08002ecc                USBD_LL_Init
 .text.USBD_LL_Start
                0x08002f4c       0x1c Src\usbd_conf.o
                0x08002f4c                USBD_LL_Start
 .text.USBD_LL_OpenEP
                0x08002f68       0x20 Src\usbd_conf.o
                0x08002f68                USBD_LL_OpenEP
 .text.USBD_LL_CloseEP
                0x08002f88       0x1c Src\usbd_conf.o
                0x08002f88                USBD_LL_CloseEP
 .text.USBD_LL_StallEP
                0x08002fa4       0x1c Src\usbd_conf.o
                0x08002fa4                USBD_LL_StallEP
 .text.USBD_LL_ClearStallEP
                0x08002fc0       0x1c Src\usbd_conf.o
                0x08002fc0                USBD_LL_ClearStallEP
 .text.USBD_LL_IsStallEP
                0x08002fdc       0x20 Src\usbd_conf.o
                0x08002fdc                USBD_LL_IsStallEP
 .text.USBD_LL_SetUSBAddress
                0x08002ffc       0x1c Src\usbd_conf.o
                0x08002ffc                USBD_LL_SetUSBAddress
 .text.USBD_LL_Transmit
                0x08003018       0x1c Src\usbd_conf.o
                0x08003018                USBD_LL_Transmit
 .text.USBD_LL_PrepareReceive
                0x08003034       0x1c Src\usbd_conf.o
                0x08003034                USBD_LL_PrepareReceive
 .text.USBD_LL_GetRxDataSize
                0x08003050        0x8 Src\usbd_conf.o
                0x08003050                USBD_LL_GetRxDataSize
 .text.USBD_static_malloc
                0x08003058        0x8 Src\usbd_conf.o
                0x08003058                USBD_static_malloc
 .text.USBD_static_free
                0x08003060        0x2 Src\usbd_conf.o
                0x08003060                USBD_static_free
 .text.HAL_PCDEx_SetConnectionState
                0x08003062        0x2 Src\usbd_conf.o
                0x08003062                HAL_PCDEx_SetConnectionState
 .text.USBD_FS_DeviceDescriptor
                0x08003064        0xc Src\usbd_desc.o
                0x08003064                USBD_FS_DeviceDescriptor
 .text.USBD_FS_LangIDStrDescriptor
                0x08003070        0xc Src\usbd_desc.o
                0x08003070                USBD_FS_LangIDStrDescriptor
 .text.IntToUnicode
                0x0800307c       0x28 Src\usbd_desc.o
 .text.USBD_FS_SerialStrDescriptor
                0x080030a4       0x40 Src\usbd_desc.o
                0x080030a4                USBD_FS_SerialStrDescriptor
 .text.USBD_FS_ManufacturerStrDescriptor
                0x080030e4       0x1c Src\usbd_desc.o
                0x080030e4                USBD_FS_ManufacturerStrDescriptor
 .text.USBD_FS_ProductStrDescriptor
                0x08003100       0x1c Src\usbd_desc.o
                0x08003100                USBD_FS_ProductStrDescriptor
 .text.USBD_FS_ConfigStrDescriptor
                0x0800311c       0x1c Src\usbd_desc.o
                0x0800311c                USBD_FS_ConfigStrDescriptor
 .text.USBD_FS_InterfaceStrDescriptor
                0x08003138       0x1c Src\usbd_desc.o
                0x08003138                USBD_FS_InterfaceStrDescriptor
 .text.Reset_Handler
                0x08003154       0x48 startup\startup_stm32f103xb.o
                0x08003154                Reset_Handler
 .text.Default_Handler
                0x0800319c        0x2 startup\startup_stm32f103xb.o
                0x0800319c                RTC_Alarm_IRQHandler
                0x0800319c                EXTI2_IRQHandler
                0x0800319c                TIM1_CC_IRQHandler
                0x0800319c                PVD_IRQHandler
                0x0800319c                EXTI0_IRQHandler
                0x0800319c                I2C2_EV_IRQHandler
                0x0800319c                ADC1_2_IRQHandler
                0x0800319c                SPI1_IRQHandler
                0x0800319c                TAMPER_IRQHandler
                0x0800319c                DMA1_Channel4_IRQHandler
                0x0800319c                USART3_IRQHandler
                0x0800319c                RTC_IRQHandler
                0x0800319c                DMA1_Channel7_IRQHandler
                0x0800319c                CAN1_RX1_IRQHandler
                0x0800319c                TIM4_IRQHandler
                0x0800319c                I2C1_EV_IRQHandler
                0x0800319c                DMA1_Channel6_IRQHandler
                0x0800319c                TIM3_IRQHandler
                0x0800319c                RCC_IRQHandler
                0x0800319c                TIM1_TRG_COM_IRQHandler
                0x0800319c                DMA1_Channel1_IRQHandler
                0x0800319c                Default_Handler
                0x0800319c                EXTI15_10_IRQHandler
                0x0800319c                SPI2_IRQHandler
                0x0800319c                DMA1_Channel5_IRQHandler
                0x0800319c                EXTI4_IRQHandler
                0x0800319c                USB_HP_CAN1_TX_IRQHandler
                0x0800319c                DMA1_Channel3_IRQHandler
                0x0800319c                TIM1_UP_IRQHandler
                0x0800319c                WWDG_IRQHandler
                0x0800319c                TIM1_BRK_IRQHandler
                0x0800319c                EXTI1_IRQHandler
                0x0800319c                USART2_IRQHandler
                0x0800319c                I2C2_ER_IRQHandler
                0x0800319c                DMA1_Channel2_IRQHandler
                0x0800319c                CAN1_SCE_IRQHandler
                0x0800319c                FLASH_IRQHandler
                0x0800319c                USART1_IRQHandler
                0x0800319c                I2C1_ER_IRQHandler
                0x0800319c                USBWakeUp_IRQHandler
 *fill*         0x0800319e        0x2 
 .text.__libc_init_array
                0x080031a0       0x48 c:/program files (x86)/atollic/truestudio for stm32 9.3.0/armtools/bin/../lib/gcc/arm-atollic-eabi/6.3.1/../../../../arm-atollic-eabi/lib/armv7-m\libc_nano.a(lib_a-init.o)
                0x080031a0                __libc_init_array
 .text.memset   0x080031e8       0x10 c:/program files (x86)/atollic/truestudio for stm32 9.3.0/armtools/bin/../lib/gcc/arm-atollic-eabi/6.3.1/../../../../arm-atollic-eabi/lib/armv7-m\libc_nano.a(lib_a-memset.o)
                0x080031e8                memset
 *(.glue_7)
 .glue_7        0x080031f8        0x0 linker stubs
 *(.glue_7t)
 .glue_7t       0x080031f8        0x0 linker stubs
 *(.eh_frame)
 .eh_frame      0x080031f8        0x0 c:/program files (x86)/atollic/truestudio for stm32 9.3.0/armtools/bin/../lib/gcc/arm-atollic-eabi/6.3.1/armv7-m/crtbegin.o
 *(.init)
 .init          0x080031f8        0x4 c:/program files (x86)/atollic/truestudio for stm32 9.3.0/armtools/bin/../lib/gcc/arm-atollic-eabi/6.3.1/armv7-m/crti.o
                0x080031f8                _init
 .init          0x080031fc        0x8 c:/program files (x86)/atollic/truestudio for stm32 9.3.0/armtools/bin/../lib/gcc/arm-atollic-eabi/6.3.1/armv7-m/crtn.o
 *(.fini)
 .fini          0x08003204        0x4 c:/program files (x86)/atollic/truestudio for stm32 9.3.0/armtools/bin/../lib/gcc/arm-atollic-eabi/6.3.1/armv7-m/crti.o
                0x08003204                _fini
 .fini          0x08003208        0x8 c:/program files (x86)/atollic/truestudio for stm32 9.3.0/armtools/bin/../lib/gcc/arm-atollic-eabi/6.3.1/armv7-m/crtn.o
                0x08003210                . = ALIGN (0x4)
                0x08003210                _etext = .

.vfp11_veneer   0x08003210        0x0
 .vfp11_veneer  0x08003210        0x0 linker stubs

.v4_bx          0x08003210        0x0
 .v4_bx         0x08003210        0x0 linker stubs

.iplt           0x08003210        0x0
 .iplt          0x08003210        0x0 c:/program files (x86)/atollic/truestudio for stm32 9.3.0/armtools/bin/../lib/gcc/arm-atollic-eabi/6.3.1/armv7-m/crtbegin.o

.rodata         0x08003210       0x68
                0x08003210                . = ALIGN (0x4)
 *(.rodata)
 .rodata        0x08003210       0x10 Drivers\STM32F1xx_HAL_Driver\Src\stm32f1xx_hal_rcc.o
 *(.rodata*)
 .rodata.AHBPrescTable
                0x08003220       0x10 Src\system_stm32f1xx.o
                0x08003220                AHBPrescTable
 .rodata.CSWTCH.4
                0x08003230        0x4 Src\usbd_conf.o
 .rodata.USBD_FS_ConfigStrDescriptor.str1.1
                0x08003234        0xb Src\usbd_desc.o
 .rodata.USBD_FS_InterfaceStrDescriptor.str1.1
                0x0800323f        0xe Src\usbd_desc.o
 .rodata.USBD_FS_ManufacturerStrDescriptor.str1.1
                0x0800324d       0x13 Src\usbd_desc.o
 .rodata.USBD_FS_ProductStrDescriptor.str1.1
                0x08003260       0x16 Src\usbd_desc.o
                0x08003278                . = ALIGN (0x4)
 *fill*         0x08003276        0x2 

.rel.dyn        0x08003278        0x0
 .rel.iplt      0x08003278        0x0 c:/program files (x86)/atollic/truestudio for stm32 9.3.0/armtools/bin/../lib/gcc/arm-atollic-eabi/6.3.1/armv7-m/crtbegin.o

.ARM.extab
 *(.ARM.extab* .gnu.linkonce.armextab.*)

.ARM            0x08003278        0x0
                0x08003278                __exidx_start = .
 *(.ARM.exidx*)
                0x08003278                __exidx_end = .

.preinit_array  0x08003278        0x0
                0x08003278                PROVIDE (__preinit_array_start, .)
 *(.preinit_array*)
                0x08003278                PROVIDE (__preinit_array_end, .)

.init_array     0x08003278        0x4
                0x08003278                PROVIDE (__init_array_start, .)
 *(SORT(.init_array.*))
 *(.init_array*)
 .init_array    0x08003278        0x4 c:/program files (x86)/atollic/truestudio for stm32 9.3.0/armtools/bin/../lib/gcc/arm-atollic-eabi/6.3.1/armv7-m/crtbegin.o
                0x0800327c                PROVIDE (__init_array_end, .)

.fini_array     0x0800327c        0x4
                [!provide]                PROVIDE (__fini_array_start, .)
 *(SORT(.fini_array.*))
 *(.fini_array*)
 .fini_array    0x0800327c        0x4 c:/program files (x86)/atollic/truestudio for stm32 9.3.0/armtools/bin/../lib/gcc/arm-atollic-eabi/6.3.1/armv7-m/crtbegin.o
                [!provide]                PROVIDE (__fini_array_end, .)
                0x08003280                _sidata = LOADADDR (.data)

.data           0x20000000      0x17c load address 0x08003280
                0x20000000                . = ALIGN (0x4)
                0x20000000                _sdata = .
 *(.data)
 *(.data*)
 .data.uwTickFreq
                0x20000000        0x1 Drivers\STM32F1xx_HAL_Driver\Src\stm32f1xx_hal.o
                0x20000000                uwTickFreq
 *fill*         0x20000001        0x3 
 .data.uwTickPrio
                0x20000004        0x4 Drivers\STM32F1xx_HAL_Driver\Src\stm32f1xx_hal.o
                0x20000004                uwTickPrio
 .data.USBD_CDC
                0x20000008       0x38 Middlewares\ST\STM32_USB_Device_Library\Class\CDC\Src\usbd_cdc.o
                0x20000008                USBD_CDC
 .data.USBD_CDC_CfgFSDesc
                0x20000040       0x43 Middlewares\ST\STM32_USB_Device_Library\Class\CDC\Src\usbd_cdc.o
                0x20000040                USBD_CDC_CfgFSDesc
 *fill*         0x20000083        0x1 
 .data.USBD_CDC_CfgHSDesc
                0x20000084       0x43 Middlewares\ST\STM32_USB_Device_Library\Class\CDC\Src\usbd_cdc.o
                0x20000084                USBD_CDC_CfgHSDesc
 *fill*         0x200000c7        0x1 
 .data.USBD_CDC_DeviceQualifierDesc
                0x200000c8        0xa Middlewares\ST\STM32_USB_Device_Library\Class\CDC\Src\usbd_cdc.o
 *fill*         0x200000d2        0x2 
 .data.USBD_CDC_OtherSpeedCfgDesc
                0x200000d4       0x43 Middlewares\ST\STM32_USB_Device_Library\Class\CDC\Src\usbd_cdc.o
                0x200000d4                USBD_CDC_OtherSpeedCfgDesc
 *fill*         0x20000117        0x1 
 .data.SystemCoreClock
                0x20000118        0x4 Src\system_stm32f1xx.o
                0x20000118                SystemCoreClock
 .data.USBD_Interface_fops_FS
                0x2000011c       0x10 Src\usbd_cdc_if.o
                0x2000011c                USBD_Interface_fops_FS
 .data.FS_Desc  0x2000012c       0x1c Src\usbd_desc.o
                0x2000012c                FS_Desc
 .data.USBD_FS_DeviceDesc
                0x20000148       0x12 Src\usbd_desc.o
                0x20000148                USBD_FS_DeviceDesc
 *fill*         0x2000015a        0x2 
 .data.USBD_LangIDDesc
                0x2000015c        0x4 Src\usbd_desc.o
                0x2000015c                USBD_LangIDDesc
 .data.USBD_StringSerial
                0x20000160       0x1a Src\usbd_desc.o
                0x20000160                USBD_StringSerial
                0x2000017c                . = ALIGN (0x4)
 *fill*         0x2000017a        0x2 
                0x2000017c                _edata = .

.igot.plt       0x2000017c        0x0 load address 0x080033fc
 .igot.plt      0x2000017c        0x0 c:/program files (x86)/atollic/truestudio for stm32 9.3.0/armtools/bin/../lib/gcc/arm-atollic-eabi/6.3.1/armv7-m/crtbegin.o
                0x2000017c                . = ALIGN (0x4)

.bss            0x2000017c     0x11a4 load address 0x080033fc
                0x2000017c                _sbss = .
                0x2000017c                __bss_start__ = _sbss
 *(.bss)
 .bss           0x2000017c       0x1c c:/program files (x86)/atollic/truestudio for stm32 9.3.0/armtools/bin/../lib/gcc/arm-atollic-eabi/6.3.1/armv7-m/crtbegin.o
 *(.bss*)
 .bss.cfgidx.8068
                0x20000198        0x1 Middlewares\ST\STM32_USB_Device_Library\Core\Src\usbd_ctlreq.o
 *fill*         0x20000199        0x3 
 .bss.mode_load
                0x2000019c        0x4 Src\main.o
                0x2000019c                mode_load
 .bss.time_after_btn
                0x200001a0        0x4 Src\main.o
                0x200001a0                time_after_btn
 .bss.time_after_btn2
                0x200001a4        0x4 Src\main.o
                0x200001a4                time_after_btn2
 .bss.mem.8133  0x200001a8      0x220 Src\usbd_conf.o
 *(COMMON)
 COMMON         0x200003c8        0x4 Drivers\STM32F1xx_HAL_Driver\Src\stm32f1xx_hal.o
                0x200003c8                uwTick
 COMMON         0x200003cc       0x54 Src\main.o
                0x200003cc                RAM_load
                0x200003d0                SOUND_left
                0x200003d4                SOUND_right
                0x200003d8                CPU_load
                0x200003dc                htim2
                0x2000041c                NET_load
 COMMON         0x20000420      0x2c4 Src\usb_device.o
                0x20000420                hUsbDeviceFS
 COMMON         0x200006e4      0x7d0 Src\usbd_cdc_if.o
                0x200006e4                UserRxBufferFS
                0x20000acc                UserTxBufferFS
 COMMON         0x20000eb4      0x26c Src\usbd_conf.o
                0x20000eb4                hpcd_USB_FS
 COMMON         0x20001120      0x200 Src\usbd_desc.o
                0x20001120                USBD_StrDesc
                0x20001320                . = ALIGN (0x4)
                0x20001320                _ebss = .
                0x20001320                __bss_end__ = _ebss

._user_heap_stack
                0x20001320      0x600 load address 0x080033fc
                0x20001320                . = ALIGN (0x4)
                0x20001320                PROVIDE (end, .)
                [!provide]                PROVIDE (_end, .)
                0x20001520                . = (. + _Min_Heap_Size)
 *fill*         0x20001320      0x200 
                0x20001920                . = (. + _Min_Stack_Size)
 *fill*         0x20001520      0x400 
                0x20001920                . = ALIGN (0x4)

/DISCARD/
 libc.a(*)
 libm.a(*)
 libgcc.a(*)

.ARM.attributes
                0x00000000       0x29
 *(.ARM.attributes)
 .ARM.attributes
                0x00000000       0x1d c:/program files (x86)/atollic/truestudio for stm32 9.3.0/armtools/bin/../lib/gcc/arm-atollic-eabi/6.3.1/armv7-m/crti.o
 .ARM.attributes
                0x0000001d       0x2d c:/program files (x86)/atollic/truestudio for stm32 9.3.0/armtools/bin/../lib/gcc/arm-atollic-eabi/6.3.1/armv7-m/crtbegin.o
 .ARM.attributes
                0x0000004a       0x33 Drivers\STM32F1xx_HAL_Driver\Src\stm32f1xx_hal.o
 .ARM.attributes
                0x0000007d       0x33 Drivers\STM32F1xx_HAL_Driver\Src\stm32f1xx_hal_cortex.o
 .ARM.attributes
                0x000000b0       0x33 Drivers\STM32F1xx_HAL_Driver\Src\stm32f1xx_hal_gpio.o
 .ARM.attributes
                0x000000e3       0x33 Drivers\STM32F1xx_HAL_Driver\Src\stm32f1xx_hal_pcd.o
 .ARM.attributes
                0x00000116       0x33 Drivers\STM32F1xx_HAL_Driver\Src\stm32f1xx_hal_pcd_ex.o
 .ARM.attributes
                0x00000149       0x33 Drivers\STM32F1xx_HAL_Driver\Src\stm32f1xx_hal_rcc.o
 .ARM.attributes
                0x0000017c       0x33 Drivers\STM32F1xx_HAL_Driver\Src\stm32f1xx_hal_rcc_ex.o
 .ARM.attributes
                0x000001af       0x33 Drivers\STM32F1xx_HAL_Driver\Src\stm32f1xx_hal_tim.o
 .ARM.attributes
                0x000001e2       0x33 Drivers\STM32F1xx_HAL_Driver\Src\stm32f1xx_hal_tim_ex.o
 .ARM.attributes
                0x00000215       0x33 Drivers\STM32F1xx_HAL_Driver\Src\stm32f1xx_ll_usb.o
 .ARM.attributes
                0x00000248       0x33 Middlewares\ST\STM32_USB_Device_Library\Class\CDC\Src\usbd_cdc.o
 .ARM.attributes
                0x0000027b       0x33 Middlewares\ST\STM32_USB_Device_Library\Core\Src\usbd_core.o
 .ARM.attributes
                0x000002ae       0x33 Middlewares\ST\STM32_USB_Device_Library\Core\Src\usbd_ctlreq.o
 .ARM.attributes
                0x000002e1       0x33 Middlewares\ST\STM32_USB_Device_Library\Core\Src\usbd_ioreq.o
 .ARM.attributes
                0x00000314       0x33 Src\main.o
 .ARM.attributes
                0x00000347       0x33 Src\stm32f1xx_hal_msp.o
 .ARM.attributes
                0x0000037a       0x33 Src\stm32f1xx_it.o
 .ARM.attributes
                0x000003ad       0x33 Src\system_stm32f1xx.o
 .ARM.attributes
                0x000003e0       0x33 Src\usb_device.o
 .ARM.attributes
                0x00000413       0x33 Src\usbd_cdc_if.o
 .ARM.attributes
                0x00000446       0x33 Src\usbd_conf.o
 .ARM.attributes
                0x00000479       0x33 Src\usbd_desc.o
 .ARM.attributes
                0x000004ac       0x21 startup\startup_stm32f103xb.o
 .ARM.attributes
                0x000004cd       0x2d c:/program files (x86)/atollic/truestudio for stm32 9.3.0/armtools/bin/../lib/gcc/arm-atollic-eabi/6.3.1/../../../../arm-atollic-eabi/lib/armv7-m\libc_nano.a(lib_a-init.o)
 .ARM.attributes
                0x000004fa       0x2d c:/program files (x86)/atollic/truestudio for stm32 9.3.0/armtools/bin/../lib/gcc/arm-atollic-eabi/6.3.1/../../../../arm-atollic-eabi/lib/armv7-m\libc_nano.a(lib_a-memset.o)
 .ARM.attributes
                0x00000527       0x1d c:/program files (x86)/atollic/truestudio for stm32 9.3.0/armtools/bin/../lib/gcc/arm-atollic-eabi/6.3.1/armv7-m/crtn.o
OUTPUT(test.elf elf32-littlearm)

.comment        0x00000000       0x7c
 .comment       0x00000000       0x7c Drivers\STM32F1xx_HAL_Driver\Src\stm32f1xx_hal.o
                                 0x7d (size before relaxing)
 .comment       0x0000007c       0x7d Drivers\STM32F1xx_HAL_Driver\Src\stm32f1xx_hal_cortex.o
 .comment       0x0000007c       0x7d Drivers\STM32F1xx_HAL_Driver\Src\stm32f1xx_hal_gpio.o
 .comment       0x0000007c       0x7d Drivers\STM32F1xx_HAL_Driver\Src\stm32f1xx_hal_pcd.o
 .comment       0x0000007c       0x7d Drivers\STM32F1xx_HAL_Driver\Src\stm32f1xx_hal_pcd_ex.o
 .comment       0x0000007c       0x7d Drivers\STM32F1xx_HAL_Driver\Src\stm32f1xx_hal_rcc.o
 .comment       0x0000007c       0x7d Drivers\STM32F1xx_HAL_Driver\Src\stm32f1xx_hal_rcc_ex.o
 .comment       0x0000007c       0x7d Drivers\STM32F1xx_HAL_Driver\Src\stm32f1xx_hal_tim.o
 .comment       0x0000007c       0x7d Drivers\STM32F1xx_HAL_Driver\Src\stm32f1xx_hal_tim_ex.o
 .comment       0x0000007c       0x7d Drivers\STM32F1xx_HAL_Driver\Src\stm32f1xx_ll_usb.o
 .comment       0x0000007c       0x7d Middlewares\ST\STM32_USB_Device_Library\Class\CDC\Src\usbd_cdc.o
 .comment       0x0000007c       0x7d Middlewares\ST\STM32_USB_Device_Library\Core\Src\usbd_core.o
 .comment       0x0000007c       0x7d Middlewares\ST\STM32_USB_Device_Library\Core\Src\usbd_ctlreq.o
 .comment       0x0000007c       0x7d Middlewares\ST\STM32_USB_Device_Library\Core\Src\usbd_ioreq.o
 .comment       0x0000007c       0x7d Src\main.o
 .comment       0x0000007c       0x7d Src\stm32f1xx_hal_msp.o
 .comment       0x0000007c       0x7d Src\stm32f1xx_it.o
 .comment       0x0000007c       0x7d Src\system_stm32f1xx.o
 .comment       0x0000007c       0x7d Src\usb_device.o
 .comment       0x0000007c       0x7d Src\usbd_cdc_if.o
 .comment       0x0000007c       0x7d Src\usbd_conf.o
 .comment       0x0000007c       0x7d Src\usbd_desc.o

.debug_frame    0x00000000       0x4c
 .debug_frame   0x00000000       0x2c c:/program files (x86)/atollic/truestudio for stm32 9.3.0/armtools/bin/../lib/gcc/arm-atollic-eabi/6.3.1/../../../../arm-atollic-eabi/lib/armv7-m\libc_nano.a(lib_a-init.o)
 .debug_frame   0x0000002c       0x20 c:/program files (x86)/atollic/truestudio for stm32 9.3.0/armtools/bin/../lib/gcc/arm-atollic-eabi/6.3.1/../../../../arm-atollic-eabi/lib/armv7-m\libc_nano.a(lib_a-memset.o)
