Archive member included to satisfy reference by file (symbol)

c:/program files (x86)/atollic/truestudio for stm32 9.3.0/armtools/bin/../lib/gcc/arm-atollic-eabi/6.3.1/../../../../arm-atollic-eabi/lib/armv7-m\libc_nano.a(lib_a-errno.o)
                              Src\syscalls.o (__errno)
c:/program files (x86)/atollic/truestudio for stm32 9.3.0/armtools/bin/../lib/gcc/arm-atollic-eabi/6.3.1/../../../../arm-atollic-eabi/lib/armv7-m\libc_nano.a(lib_a-impure.o)
                              c:/program files (x86)/atollic/truestudio for stm32 9.3.0/armtools/bin/../lib/gcc/arm-atollic-eabi/6.3.1/../../../../arm-atollic-eabi/lib/armv7-m\libc_nano.a(lib_a-errno.o) (_impure_ptr)
c:/program files (x86)/atollic/truestudio for stm32 9.3.0/armtools/bin/../lib/gcc/arm-atollic-eabi/6.3.1/../../../../arm-atollic-eabi/lib/armv7-m\libc_nano.a(lib_a-init.o)
                              startup\startup_stm32f103xb.o (__libc_init_array)
c:/program files (x86)/atollic/truestudio for stm32 9.3.0/armtools/bin/../lib/gcc/arm-atollic-eabi/6.3.1/../../../../arm-atollic-eabi/lib/armv7-m\libc_nano.a(lib_a-memset.o)
                              Drivers\STM32F1xx_HAL_Driver\Src\stm32f1xx_hal_rcc.o (memset)
c:/program files (x86)/atollic/truestudio for stm32 9.3.0/armtools/bin/../lib/gcc/arm-atollic-eabi/6.3.1/../../../../arm-atollic-eabi/lib/armv7-m\libc_nano.a(lib_a-printf.o)
                              Middlewares\ST\STM32_USB_Device_Library\Core\Src\usbd_core.o (printf)
c:/program files (x86)/atollic/truestudio for stm32 9.3.0/armtools/bin/../lib/gcc/arm-atollic-eabi/6.3.1/../../../../arm-atollic-eabi/lib/armv7-m\libc_nano.a(lib_a-putchar.o)
                              Middlewares\ST\STM32_USB_Device_Library\Core\Src\usbd_core.o (putchar)
c:/program files (x86)/atollic/truestudio for stm32 9.3.0/armtools/bin/../lib/gcc/arm-atollic-eabi/6.3.1/../../../../arm-atollic-eabi/lib/armv7-m\libc_nano.a(lib_a-findfp.o)
                              c:/program files (x86)/atollic/truestudio for stm32 9.3.0/armtools/bin/../lib/gcc/arm-atollic-eabi/6.3.1/../../../../arm-atollic-eabi/lib/armv7-m\libc_nano.a(lib_a-printf.o) (__sinit)
c:/program files (x86)/atollic/truestudio for stm32 9.3.0/armtools/bin/../lib/gcc/arm-atollic-eabi/6.3.1/../../../../arm-atollic-eabi/lib/armv7-m\libc_nano.a(lib_a-fwalk.o)
                              c:/program files (x86)/atollic/truestudio for stm32 9.3.0/armtools/bin/../lib/gcc/arm-atollic-eabi/6.3.1/../../../../arm-atollic-eabi/lib/armv7-m\libc_nano.a(lib_a-findfp.o) (_fwalk)
c:/program files (x86)/atollic/truestudio for stm32 9.3.0/armtools/bin/../lib/gcc/arm-atollic-eabi/6.3.1/../../../../arm-atollic-eabi/lib/armv7-m\libc_nano.a(lib_a-nano-mallocr.o)
                              c:/program files (x86)/atollic/truestudio for stm32 9.3.0/armtools/bin/../lib/gcc/arm-atollic-eabi/6.3.1/../../../../arm-atollic-eabi/lib/armv7-m\libc_nano.a(lib_a-findfp.o) (_malloc_r)
c:/program files (x86)/atollic/truestudio for stm32 9.3.0/armtools/bin/../lib/gcc/arm-atollic-eabi/6.3.1/../../../../arm-atollic-eabi/lib/armv7-m\libc_nano.a(lib_a-nano-vfprintf.o)
                              c:/program files (x86)/atollic/truestudio for stm32 9.3.0/armtools/bin/../lib/gcc/arm-atollic-eabi/6.3.1/../../../../arm-atollic-eabi/lib/armv7-m\libc_nano.a(lib_a-printf.o) (_vfprintf_r)
c:/program files (x86)/atollic/truestudio for stm32 9.3.0/armtools/bin/../lib/gcc/arm-atollic-eabi/6.3.1/../../../../arm-atollic-eabi/lib/armv7-m\libc_nano.a(lib_a-nano-vfprintf_i.o)
                              c:/program files (x86)/atollic/truestudio for stm32 9.3.0/armtools/bin/../lib/gcc/arm-atollic-eabi/6.3.1/../../../../arm-atollic-eabi/lib/armv7-m\libc_nano.a(lib_a-nano-vfprintf.o) (_printf_i)
c:/program files (x86)/atollic/truestudio for stm32 9.3.0/armtools/bin/../lib/gcc/arm-atollic-eabi/6.3.1/../../../../arm-atollic-eabi/lib/armv7-m\libc_nano.a(lib_a-putc.o)
                              c:/program files (x86)/atollic/truestudio for stm32 9.3.0/armtools/bin/../lib/gcc/arm-atollic-eabi/6.3.1/../../../../arm-atollic-eabi/lib/armv7-m\libc_nano.a(lib_a-putchar.o) (_putc_r)
c:/program files (x86)/atollic/truestudio for stm32 9.3.0/armtools/bin/../lib/gcc/arm-atollic-eabi/6.3.1/../../../../arm-atollic-eabi/lib/armv7-m\libc_nano.a(lib_a-sbrkr.o)
                              c:/program files (x86)/atollic/truestudio for stm32 9.3.0/armtools/bin/../lib/gcc/arm-atollic-eabi/6.3.1/../../../../arm-atollic-eabi/lib/armv7-m\libc_nano.a(lib_a-nano-mallocr.o) (_sbrk_r)
c:/program files (x86)/atollic/truestudio for stm32 9.3.0/armtools/bin/../lib/gcc/arm-atollic-eabi/6.3.1/../../../../arm-atollic-eabi/lib/armv7-m\libc_nano.a(lib_a-stdio.o)
                              c:/program files (x86)/atollic/truestudio for stm32 9.3.0/armtools/bin/../lib/gcc/arm-atollic-eabi/6.3.1/../../../../arm-atollic-eabi/lib/armv7-m\libc_nano.a(lib_a-findfp.o) (__sread)
[...]
Memory Configuration

Name             Origin             Length             Attributes
RAM              0x20000000         0x00005000         xrw
FLASH            0x08000000         0x00020000         xr
*default*        0x00000000         0xffffffff

Linker script and memory map

LOAD c:/program files (x86)/atollic/truestudio for stm32 9.3.0/armtools/bin/../lib/gcc/arm-atollic-eabi/6.3.1/armv7-m/crti.o
LOAD c:/program files (x86)/atollic/truestudio for stm32 9.3.0/armtools/bin/../lib/gcc/arm-atollic-eabi/6.3.1/armv7-m/crtbegin.o
LOAD Drivers\STM32F1xx_HAL_Driver\Src\stm32f1xx_hal.o
LOAD Drivers\STM32F1xx_HAL_Driver\Src\stm32f1xx_hal_cortex.o
LOAD Drivers\STM32F1xx_HAL_Driver\Src\stm32f1xx_hal_dma.o
LOAD Drivers\STM32F1xx_HAL_Driver\Src\stm32f1xx_hal_exti.o
LOAD Drivers\STM32F1xx_HAL_Driver\Src\stm32f1xx_hal_flash.o
LOAD Drivers\STM32F1xx_HAL_Driver\Src\stm32f1xx_hal_flash_ex.o
LOAD Drivers\STM32F1xx_HAL_Driver\Src\stm32f1xx_hal_gpio.o
LOAD Drivers\STM32F1xx_HAL_Driver\Src\stm32f1xx_hal_gpio_ex.o
LOAD Drivers\STM32F1xx_HAL_Driver\Src\stm32f1xx_hal_pcd.o
LOAD Drivers\STM32F1xx_HAL_Driver\Src\stm32f1xx_hal_pcd_ex.o
LOAD Drivers\STM32F1xx_HAL_Driver\Src\stm32f1xx_hal_pwr.o
LOAD Drivers\STM32F1xx_HAL_Driver\Src\stm32f1xx_hal_rcc.o
LOAD Drivers\STM32F1xx_HAL_Driver\Src\stm32f1xx_hal_rcc_ex.o
LOAD Drivers\STM32F1xx_HAL_Driver\Src\stm32f1xx_hal_tim.o
LOAD Drivers\STM32F1xx_HAL_Driver\Src\stm32f1xx_hal_tim_ex.o
LOAD Drivers\STM32F1xx_HAL_Driver\Src\stm32f1xx_ll_usb.o
LOAD Middlewares\ST\STM32_USB_Device_Library\Class\CDC\Src\usbd_cdc.o
LOAD Middlewares\ST\STM32_USB_Device_Library\Core\Src\usbd_core.o
LOAD Middlewares\ST\STM32_USB_Device_Library\Core\Src\usbd_ctlreq.o
LOAD Middlewares\ST\STM32_USB_Device_Library\Core\Src\usbd_ioreq.o
LOAD Src\main.o
LOAD Src\stm32f1xx_hal_msp.o
LOAD Src\stm32f1xx_it.o
LOAD Src\syscalls.o
LOAD Src\system_stm32f1xx.o
LOAD Src\usb_device.o
LOAD Src\usbd_cdc_if.o
LOAD Src\usbd_conf.o
LOAD Src\usbd_desc.o
LOAD startup\startup_stm32f103xb.o
                0x00000080                malloc_getpagesize_P = 0x80
START GROUP
LOAD c:/program files (x86)/atollic/truestudio for stm32 9.3.0/armtools/bin/../lib/gcc/arm-atollic-eabi/6.3.1/../../../../arm-atollic-eabi/lib/armv7-m\libc_nano.a
LOAD c:/program files (x86)/atollic/truestudio for stm32 9.3.0/armtools/bin/../lib/gcc/arm-atollic-eabi/6.3.1/../../../../arm-atollic-eabi/lib/armv7-m\libm.a
END GROUP
START GROUP
LOAD c:/program files (x86)/atollic/truestudio for stm32 9.3.0/armtools/bin/../lib/gcc/arm-atollic-eabi/6.3.1/armv7-m\libgcc.a
LOAD c:/program files (x86)/atollic/truestudio for stm32 9.3.0/armtools/bin/../lib/gcc/arm-atollic-eabi/6.3.1/../../../../arm-atollic-eabi/lib/armv7-m\libc_nano.a
END GROUP
START GROUP
LOAD c:/program files (x86)/atollic/truestudio for stm32 9.3.0/armtools/bin/../lib/gcc/arm-atollic-eabi/6.3.1/armv7-m\libgcc.a
LOAD c:/program files (x86)/atollic/truestudio for stm32 9.3.0/armtools/bin/../lib/gcc/arm-atollic-eabi/6.3.1/../../../../arm-atollic-eabi/lib/armv7-m\libc_nano.a
LOAD c:/program files (x86)/atollic/truestudio for stm32 9.3.0/armtools/bin/../lib/gcc/arm-atollic-eabi/6.3.1/../../../../arm-atollic-eabi/lib/armv7-m\libnosys.a
END GROUP
START GROUP
LOAD c:/program files (x86)/atollic/truestudio for stm32 9.3.0/armtools/bin/../lib/gcc/arm-atollic-eabi/6.3.1/armv7-m\libgcc.a
LOAD c:/program files (x86)/atollic/truestudio for stm32 9.3.0/armtools/bin/../lib/gcc/arm-atollic-eabi/6.3.1/../../../../arm-atollic-eabi/lib/armv7-m\libc_nano.a
LOAD c:/program files (x86)/atollic/truestudio for stm32 9.3.0/armtools/bin/../lib/gcc/arm-atollic-eabi/6.3.1/../../../../arm-atollic-eabi/lib/armv7-m\libnosys.a
END GROUP
LOAD c:/program files (x86)/atollic/truestudio for stm32 9.3.0/armtools/bin/../lib/gcc/arm-atollic-eabi/6.3.1/armv7-m/crtend.o
LOAD c:/program files (x86)/atollic/truestudio for stm32 9.3.0/armtools/bin/../lib/gcc/arm-atollic-eabi/6.3.1/armv7-m/crtn.o
                0x20005000                _estack = 0x20005000
                0x00000200                _Min_Heap_Size = 0x200
                0x00000400                _Min_Stack_Size = 0x400

.isr_vector     0x08000000      0x10c
                0x08000000                . = ALIGN (0x4)
 *(.isr_vector)
 .isr_vector    0x08000000      0x10c startup\startup_stm32f103xb.o
                0x08000000                g_pfnVectors
                0x0800010c                . = ALIGN (0x4)

.text           0x0800010c     0x3f38
                0x0800010c                . = ALIGN (0x4)
 *(.text)
 .text          0x0800010c       0x40 c:/program files (x86)/atollic/truestudio for stm32 9.3.0/armtools/bin/../lib/gcc/arm-atollic-eabi/6.3.1/armv7-m/crtbegin.o
 *(.text*)
 .text.HAL_InitTick
                0x0800014c       0x48 Drivers\STM32F1xx_HAL_Driver\Src\stm32f1xx_hal.o
                0x0800014c                HAL_InitTick
 .text.HAL_Init
                0x08000194       0x24 Drivers\STM32F1xx_HAL_Driver\Src\stm32f1xx_hal.o
                0x08000194                HAL_Init
 .text.HAL_IncTick
                0x080001b8       0x18 Drivers\STM32F1xx_HAL_Driver\Src\stm32f1xx_hal.o
                0x080001b8                HAL_IncTick
 .text.HAL_GetTick
                0x080001d0        0xc Drivers\STM32F1xx_HAL_Driver\Src\stm32f1xx_hal.o
                0x080001d0                HAL_GetTick
 .text.HAL_NVIC_SetPriorityGrouping
                0x080001dc       0x24 Drivers\STM32F1xx_HAL_Driver\Src\stm32f1xx_hal_cortex.o
                0x080001dc                HAL_NVIC_SetPriorityGrouping
 .text.HAL_NVIC_SetPriority
                0x08000200       0x68 Drivers\STM32F1xx_HAL_Driver\Src\stm32f1xx_hal_cortex.o
                0x08000200                HAL_NVIC_SetPriority
 .text.HAL_NVIC_EnableIRQ
                0x08000268       0x1c Drivers\STM32F1xx_HAL_Driver\Src\stm32f1xx_hal_cortex.o
                0x08000268                HAL_NVIC_EnableIRQ
 .text.HAL_SYSTICK_Config
                0x08000284       0x2c Drivers\STM32F1xx_HAL_Driver\Src\stm32f1xx_hal_cortex.o
                0x08000284                HAL_SYSTICK_Config
 .text.HAL_GPIO_Init
                0x080002b0      0x1c4 Drivers\STM32F1xx_HAL_Driver\Src\stm32f1xx_hal_gpio.o
                0x080002b0                HAL_GPIO_Init
 .text.HAL_GPIO_WritePin
                0x08000474        0xa Drivers\STM32F1xx_HAL_Driver\Src\stm32f1xx_hal_gpio.o
                0x08000474                HAL_GPIO_WritePin
 .text.HAL_GPIO_TogglePin
                0x0800047e        0xc Drivers\STM32F1xx_HAL_Driver\Src\stm32f1xx_hal_gpio.o
                0x0800047e                HAL_GPIO_TogglePin
 *fill*         0x0800048a        0x2 
 .text.HAL_GPIO_EXTI_IRQHandler
                0x0800048c       0x18 Drivers\STM32F1xx_HAL_Driver\Src\stm32f1xx_hal_gpio.o
                0x0800048c                HAL_GPIO_EXTI_IRQHandler
 .text.HAL_PCD_Init
                0x080004a4       0xea Drivers\STM32F1xx_HAL_Driver\Src\stm32f1xx_hal_pcd.o
                0x080004a4                HAL_PCD_Init
 .text.HAL_PCD_Start
                0x0800058e       0x2e Drivers\STM32F1xx_HAL_Driver\Src\stm32f1xx_hal_pcd.o
                0x0800058e                HAL_PCD_Start
 .text.HAL_PCD_SetAddress
                0x080005bc       0x28 Drivers\STM32F1xx_HAL_Driver\Src\stm32f1xx_hal_pcd.o
                0x080005bc                HAL_PCD_SetAddress
 .text.HAL_PCD_EP_Open
                0x080005e4       0x66 Drivers\STM32F1xx_HAL_Driver\Src\stm32f1xx_hal_pcd.o
                0x080005e4                HAL_PCD_EP_Open
 .text.HAL_PCD_EP_Close
                0x0800064a       0x52 Drivers\STM32F1xx_HAL_Driver\Src\stm32f1xx_hal_pcd.o
                0x0800064a                HAL_PCD_EP_Close
 .text.HAL_PCD_EP_Receive
                0x0800069c       0x30 Drivers\STM32F1xx_HAL_Driver\Src\stm32f1xx_hal_pcd.o
                0x0800069c                HAL_PCD_EP_Receive
 .text.HAL_PCD_EP_GetRxCount
                0x080006cc        0xe Drivers\STM32F1xx_HAL_Driver\Src\stm32f1xx_hal_pcd.o
                0x080006cc                HAL_PCD_EP_GetRxCount
 .text.HAL_PCD_EP_Transmit
                0x080006da       0x2c Drivers\STM32F1xx_HAL_Driver\Src\stm32f1xx_hal_pcd.o
                0x080006da                HAL_PCD_EP_Transmit
 *fill*         0x08000706        0x2 
 .text.HAL_PCD_IRQHandler
                0x08000708      0x44c Drivers\STM32F1xx_HAL_Driver\Src\stm32f1xx_hal_pcd.o
                0x08000708                HAL_PCD_IRQHandler
 .text.HAL_PCD_EP_SetStall
                0x08000b54       0x68 Drivers\STM32F1xx_HAL_Driver\Src\stm32f1xx_hal_pcd.o
                0x08000b54                HAL_PCD_EP_SetStall
 .text.HAL_PCD_EP_ClrStall
                0x08000bbc       0x64 Drivers\STM32F1xx_HAL_Driver\Src\stm32f1xx_hal_pcd.o
                0x08000bbc                HAL_PCD_EP_ClrStall
 .text.HAL_PCDEx_PMAConfig
                0x08000c20       0x30 Drivers\STM32F1xx_HAL_Driver\Src\stm32f1xx_hal_pcd_ex.o
                0x08000c20                HAL_PCDEx_PMAConfig
 .text.HAL_RCC_OscConfig
                0x08000c50      0x33c Drivers\STM32F1xx_HAL_Driver\Src\stm32f1xx_hal_rcc.o
                0x08000c50                HAL_RCC_OscConfig
 .text.HAL_RCC_GetSysClockFreq
                0x08000f8c       0x78 Drivers\STM32F1xx_HAL_Driver\Src\stm32f1xx_hal_rcc.o
                0x08000f8c                HAL_RCC_GetSysClockFreq
 .text.HAL_RCC_ClockConfig
                0x08001004      0x13c Drivers\STM32F1xx_HAL_Driver\Src\stm32f1xx_hal_rcc.o
                0x08001004                HAL_RCC_ClockConfig
 .text.HAL_RCCEx_PeriphCLKConfig
                0x08001140       0xf0 Drivers\STM32F1xx_HAL_Driver\Src\stm32f1xx_hal_rcc_ex.o
                0x08001140                HAL_RCCEx_PeriphCLKConfig
 .text.HAL_TIM_PeriodElapsedCallback
                0x08001230        0x2 Drivers\STM32F1xx_HAL_Driver\Src\stm32f1xx_hal_tim.o
                0x08001230                HAL_TIM_PeriodElapsedCallback
 .text.HAL_TIM_OC_DelayElapsedCallback
                0x08001232        0x2 Drivers\STM32F1xx_HAL_Driver\Src\stm32f1xx_hal_tim.o
                0x08001232                HAL_TIM_OC_DelayElapsedCallback
 .text.HAL_TIM_IC_CaptureCallback
                0x08001234        0x2 Drivers\STM32F1xx_HAL_Driver\Src\stm32f1xx_hal_tim.o
                0x08001234                HAL_TIM_IC_CaptureCallback
 .text.HAL_TIM_PWM_PulseFinishedCallback
                0x08001236        0x2 Drivers\STM32F1xx_HAL_Driver\Src\stm32f1xx_hal_tim.o
                0x08001236                HAL_TIM_PWM_PulseFinishedCallback
 .text.HAL_TIM_TriggerCallback
                0x08001238        0x2 Drivers\STM32F1xx_HAL_Driver\Src\stm32f1xx_hal_tim.o
                0x08001238                HAL_TIM_TriggerCallback
 .text.HAL_TIM_IRQHandler
                0x0800123a      0x144 Drivers\STM32F1xx_HAL_Driver\Src\stm32f1xx_hal_tim.o
                0x0800123a                HAL_TIM_IRQHandler
 *fill*         0x0800137e        0x2 
 .text.TIM_Base_SetConfig
                0x08001380       0x70 Drivers\STM32F1xx_HAL_Driver\Src\stm32f1xx_hal_tim.o
                0x08001380                TIM_Base_SetConfig
 .text.HAL_TIM_Base_Init
                0x080013f0       0x34 Drivers\STM32F1xx_HAL_Driver\Src\stm32f1xx_hal_tim.o
                0x080013f0                HAL_TIM_Base_Init
 .text.TIM_ETR_SetConfig
                0x08001424       0x14 Drivers\STM32F1xx_HAL_Driver\Src\stm32f1xx_hal_tim.o
                0x08001424                TIM_ETR_SetConfig
 .text.HAL_TIM_ConfigClockSource
                0x08001438      0x128 Drivers\STM32F1xx_HAL_Driver\Src\stm32f1xx_hal_tim.o
                0x08001438                HAL_TIM_ConfigClockSource
 .text.HAL_TIMEx_MasterConfigSynchronization
                0x08001560       0x3c Drivers\STM32F1xx_HAL_Driver\Src\stm32f1xx_hal_tim_ex.o
                0x08001560                HAL_TIMEx_MasterConfigSynchronization
 .text.HAL_TIMEx_CommutCallback
                0x0800159c        0x2 Drivers\STM32F1xx_HAL_Driver\Src\stm32f1xx_hal_tim_ex.o
                0x0800159c                HAL_TIMEx_CommutCallback
 .text.HAL_TIMEx_BreakCallback
                0x0800159e        0x2 Drivers\STM32F1xx_HAL_Driver\Src\stm32f1xx_hal_tim_ex.o
                0x0800159e                HAL_TIMEx_BreakCallback
 .text.USB_CoreInit
                0x080015a0        0xe Drivers\STM32F1xx_HAL_Driver\Src\stm32f1xx_ll_usb.o
                0x080015a0                USB_CoreInit
 .text.USB_EnableGlobalInt
                0x080015ae       0x12 Drivers\STM32F1xx_HAL_Driver\Src\stm32f1xx_ll_usb.o
                0x080015ae                USB_EnableGlobalInt
 .text.USB_DisableGlobalInt
                0x080015c0       0x14 Drivers\STM32F1xx_HAL_Driver\Src\stm32f1xx_ll_usb.o
                0x080015c0                USB_DisableGlobalInt
 .text.USB_SetCurrentMode
                0x080015d4        0x4 Drivers\STM32F1xx_HAL_Driver\Src\stm32f1xx_ll_usb.o
                0x080015d4                USB_SetCurrentMode
 .text.USB_DevInit
                0x080015d8       0x36 Drivers\STM32F1xx_HAL_Driver\Src\stm32f1xx_ll_usb.o
                0x080015d8                USB_DevInit
 *fill*         0x0800160e        0x2 
 .text.USB_ActivateEndpoint
                0x08001610      0x2f0 Drivers\STM32F1xx_HAL_Driver\Src\stm32f1xx_ll_usb.o
                0x08001610                USB_ActivateEndpoint
 .text.USB_DeactivateEndpoint
                0x08001900      0x1be Drivers\STM32F1xx_HAL_Driver\Src\stm32f1xx_ll_usb.o
                0x08001900                USB_DeactivateEndpoint
 .text.USB_EPSetStall
                0x08001abe       0x40 Drivers\STM32F1xx_HAL_Driver\Src\stm32f1xx_ll_usb.o
                0x08001abe                USB_EPSetStall
 .text.USB_EPClearStall
                0x08001afe       0x96 Drivers\STM32F1xx_HAL_Driver\Src\stm32f1xx_ll_usb.o
                0x08001afe                USB_EPClearStall
 .text.USB_SetDevAddress
                0x08001b94        0xc Drivers\STM32F1xx_HAL_Driver\Src\stm32f1xx_ll_usb.o
                0x08001b94                USB_SetDevAddress
 .text.USB_DevConnect
                0x08001ba0        0x4 Drivers\STM32F1xx_HAL_Driver\Src\stm32f1xx_ll_usb.o
                0x08001ba0                USB_DevConnect
 .text.USB_DevDisconnect
                0x08001ba4        0x4 Drivers\STM32F1xx_HAL_Driver\Src\stm32f1xx_ll_usb.o
                0x08001ba4                USB_DevDisconnect
 .text.USB_ReadInterrupts
                0x08001ba8        0x8 Drivers\STM32F1xx_HAL_Driver\Src\stm32f1xx_ll_usb.o
                0x08001ba8                USB_ReadInterrupts
 .text.USB_EP0_OutStart
                0x08001bb0        0x4 Drivers\STM32F1xx_HAL_Driver\Src\stm32f1xx_ll_usb.o
                0x08001bb0                USB_EP0_OutStart
 .text.USB_WritePMA
                0x08001bb4       0x20 Drivers\STM32F1xx_HAL_Driver\Src\stm32f1xx_ll_usb.o
                0x08001bb4                USB_WritePMA
 .text.USB_EPStartXfer
                0x08001bd4      0x1d0 Drivers\STM32F1xx_HAL_Driver\Src\stm32f1xx_ll_usb.o
                0x08001bd4                USB_EPStartXfer
 .text.USB_ReadPMA
                0x08001da4       0x38 Drivers\STM32F1xx_HAL_Driver\Src\stm32f1xx_ll_usb.o
                0x08001da4                USB_ReadPMA
 .text.USBD_CDC_EP0_RxReady
                0x08001ddc       0x28 Middlewares\ST\STM32_USB_Device_Library\Class\CDC\Src\usbd_cdc.o
 .text.USBD_CDC_GetFSCfgDesc
                0x08001e04        0xc Middlewares\ST\STM32_USB_Device_Library\Class\CDC\Src\usbd_cdc.o
 .text.USBD_CDC_GetHSCfgDesc
                0x08001e10        0xc Middlewares\ST\STM32_USB_Device_Library\Class\CDC\Src\usbd_cdc.o
 .text.USBD_CDC_GetOtherSpeedCfgDesc
                0x08001e1c        0xc Middlewares\ST\STM32_USB_Device_Library\Class\CDC\Src\usbd_cdc.o
 .text.USBD_CDC_GetDeviceQualifierDescriptor
                0x08001e28        0xc Middlewares\ST\STM32_USB_Device_Library\Class\CDC\Src\usbd_cdc.o
                0x08001e28                USBD_CDC_GetDeviceQualifierDescriptor
 .text.USBD_CDC_DataOut
                0x08001e34       0x2e Middlewares\ST\STM32_USB_Device_Library\Class\CDC\Src\usbd_cdc.o
 .text.USBD_CDC_DataIn
                0x08001e62       0x40 Middlewares\ST\STM32_USB_Device_Library\Class\CDC\Src\usbd_cdc.o
 .text.USBD_CDC_Setup
                0x08001ea2       0xbc Middlewares\ST\STM32_USB_Device_Library\Class\CDC\Src\usbd_cdc.o
 .text.USBD_CDC_DeInit
                0x08001f5e       0x42 Middlewares\ST\STM32_USB_Device_Library\Class\CDC\Src\usbd_cdc.o
 .text.USBD_CDC_Init
                0x08001fa0       0xaa Middlewares\ST\STM32_USB_Device_Library\Class\CDC\Src\usbd_cdc.o
 .text.USBD_CDC_RegisterInterface
                0x0800204a        0xe Middlewares\ST\STM32_USB_Device_Library\Class\CDC\Src\usbd_cdc.o
                0x0800204a                USBD_CDC_RegisterInterface
 .text.USBD_CDC_SetTxBuffer
                0x08002058       0x10 Middlewares\ST\STM32_USB_Device_Library\Class\CDC\Src\usbd_cdc.o
                0x08002058                USBD_CDC_SetTxBuffer
 .text.USBD_CDC_SetRxBuffer
                0x08002068        0xc Middlewares\ST\STM32_USB_Device_Library\Class\CDC\Src\usbd_cdc.o
                0x08002068                USBD_CDC_SetRxBuffer
 .text.USBD_CDC_ReceivePacket
                0x08002074       0x26 Middlewares\ST\STM32_USB_Device_Library\Class\CDC\Src\usbd_cdc.o
                0x08002074                USBD_CDC_ReceivePacket
 *fill*         0x0800209a        0x2 
 .text.USBD_Init
                0x0800209c       0x44 Middlewares\ST\STM32_USB_Device_Library\Core\Src\usbd_core.o
                0x0800209c                USBD_Init
 .text.USBD_RegisterClass
                0x080020e0       0x2c Middlewares\ST\STM32_USB_Device_Library\Core\Src\usbd_core.o
                0x080020e0                USBD_RegisterClass
 .text.USBD_Start
                0x0800210c        0xa Middlewares\ST\STM32_USB_Device_Library\Core\Src\usbd_core.o
                0x0800210c                USBD_Start
 .text.USBD_SetClassConfig
                0x08002116       0x16 Middlewares\ST\STM32_USB_Device_Library\Core\Src\usbd_core.o
                0x08002116                USBD_SetClassConfig
 .text.USBD_ClrClassConfig
                0x0800212c        0xe Middlewares\ST\STM32_USB_Device_Library\Core\Src\usbd_core.o
                0x0800212c                USBD_ClrClassConfig
 .text.USBD_LL_SetupStage
                0x0800213a       0x5a Middlewares\ST\STM32_USB_Device_Library\Core\Src\usbd_core.o
                0x0800213a                USBD_LL_SetupStage
 .text.USBD_LL_DataOutStage
                0x08002194       0x74 Middlewares\ST\STM32_USB_Device_Library\Core\Src\usbd_core.o
                0x08002194                USBD_LL_DataOutStage
 .text.USBD_LL_DataInStage
                0x08002208       0xb6 Middlewares\ST\STM32_USB_Device_Library\Core\Src\usbd_core.o
                0x08002208                USBD_LL_DataInStage
 .text.USBD_LL_Reset
                0x080022be       0x4e Middlewares\ST\STM32_USB_Device_Library\Core\Src\usbd_core.o
                0x080022be                USBD_LL_Reset
 .text.USBD_LL_SetSpeed
                0x0800230c        0x6 Middlewares\ST\STM32_USB_Device_Library\Core\Src\usbd_core.o
                0x0800230c                USBD_LL_SetSpeed
 .text.USBD_LL_Suspend
                0x08002312       0x12 Middlewares\ST\STM32_USB_Device_Library\Core\Src\usbd_core.o
                0x08002312                USBD_LL_Suspend
 .text.USBD_LL_Resume
                0x08002324       0x14 Middlewares\ST\STM32_USB_Device_Library\Core\Src\usbd_core.o
                0x08002324                USBD_LL_Resume
 .text.USBD_LL_SOF
                0x08002338       0x18 Middlewares\ST\STM32_USB_Device_Library\Core\Src\usbd_core.o
                0x08002338                USBD_LL_SOF
 .text.USBD_CtlError.constprop.1
                0x08002350       0x16 Middlewares\ST\STM32_USB_Device_Library\Core\Src\usbd_ctlreq.o
 *fill*         0x08002366        0x2 
 .text.USBD_StdDevReq
                0x08002368      0x248 Middlewares\ST\STM32_USB_Device_Library\Core\Src\usbd_ctlreq.o
                0x08002368                USBD_StdDevReq
 .text.USBD_StdItfReq
                0x080025b0       0x4a Middlewares\ST\STM32_USB_Device_Library\Core\Src\usbd_ctlreq.o
                0x080025b0                USBD_StdItfReq
 .text.USBD_StdEPReq
                0x080025fa      0x112 Middlewares\ST\STM32_USB_Device_Library\Core\Src\usbd_ctlreq.o
                0x080025fa                USBD_StdEPReq
 .text.USBD_ParseSetupRequest
                0x0800270c       0x28 Middlewares\ST\STM32_USB_Device_Library\Core\Src\usbd_ctlreq.o
                0x0800270c                USBD_ParseSetupRequest
 .text.USBD_CtlError
                0x08002734       0x16 Middlewares\ST\STM32_USB_Device_Library\Core\Src\usbd_ctlreq.o
                0x08002734                USBD_CtlError
 .text.USBD_GetString
                0x0800274a       0x38 Middlewares\ST\STM32_USB_Device_Library\Core\Src\usbd_ctlreq.o
                0x0800274a                USBD_GetString
 .text.USBD_CtlSendData
                0x08002782       0x1a Middlewares\ST\STM32_USB_Device_Library\Core\Src\usbd_ioreq.o
                0x08002782                USBD_CtlSendData
 .text.USBD_CtlContinueSendData
                0x0800279c       0x10 Middlewares\ST\STM32_USB_Device_Library\Core\Src\usbd_ioreq.o
                0x0800279c                USBD_CtlContinueSendData
 .text.USBD_CtlPrepareRx
                0x080027ac       0x1e Middlewares\ST\STM32_USB_Device_Library\Core\Src\usbd_ioreq.o
                0x080027ac                USBD_CtlPrepareRx
 .text.USBD_CtlContinueRx
                0x080027ca       0x10 Middlewares\ST\STM32_USB_Device_Library\Core\Src\usbd_ioreq.o
                0x080027ca                USBD_CtlContinueRx
 .text.USBD_CtlSendStatus
                0x080027da       0x16 Middlewares\ST\STM32_USB_Device_Library\Core\Src\usbd_ioreq.o
                0x080027da                USBD_CtlSendStatus
 .text.USBD_CtlReceiveStatus
                0x080027f0       0x16 Middlewares\ST\STM32_USB_Device_Library\Core\Src\usbd_ioreq.o
                0x080027f0                USBD_CtlReceiveStatus
 .text.SystemClock_Config
                0x08002806       0x72 Src\main.o
                0x08002806                SystemClock_Config
 .text.startup.main
                0x08002878      0x15c Src\main.o
                0x08002878                main
 .text.Error_Handler
                0x080029d4        0x2 Src\main.o
                0x080029d4                Error_Handler
 *fill*         0x080029d6        0x2 
 .text.HAL_MspInit
                0x080029d8       0x44 Src\stm32f1xx_hal_msp.o
                0x080029d8                HAL_MspInit
 .text.HAL_TIM_Base_MspInit
                0x08002a1c       0x36 Src\stm32f1xx_hal_msp.o
                0x08002a1c                HAL_TIM_Base_MspInit
 .text.NMI_Handler
                0x08002a52        0x2 Src\stm32f1xx_it.o
                0x08002a52                NMI_Handler
 .text.HardFault_Handler
                0x08002a54        0x2 Src\stm32f1xx_it.o
                0x08002a54                HardFault_Handler
 .text.MemManage_Handler
                0x08002a56        0x2 Src\stm32f1xx_it.o
                0x08002a56                MemManage_Handler
 .text.BusFault_Handler
                0x08002a58        0x2 Src\stm32f1xx_it.o
                0x08002a58                BusFault_Handler
 .text.UsageFault_Handler
                0x08002a5a        0x2 Src\stm32f1xx_it.o
                0x08002a5a                UsageFault_Handler
 .text.SVC_Handler
                0x08002a5c        0x2 Src\stm32f1xx_it.o
                0x08002a5c                SVC_Handler
 .text.DebugMon_Handler
                0x08002a5e        0x2 Src\stm32f1xx_it.o
                0x08002a5e                DebugMon_Handler
 .text.PendSV_Handler
                0x08002a60        0x2 Src\stm32f1xx_it.o
                0x08002a60                PendSV_Handler
 .text.SysTick_Handler
                0x08002a62        0x4 Src\stm32f1xx_it.o
                0x08002a62                SysTick_Handler
 *fill*         0x08002a66        0x2 
 .text.EXTI3_IRQHandler
                0x08002a68       0x74 Src\stm32f1xx_it.o
                0x08002a68                EXTI3_IRQHandler
 .text.USB_LP_CAN1_RX0_IRQHandler
                0x08002adc        0xc Src\stm32f1xx_it.o
                0x08002adc                USB_LP_CAN1_RX0_IRQHandler
 .text.EXTI9_5_IRQHandler
                0x08002ae8        0x6 Src\stm32f1xx_it.o
                0x08002ae8                EXTI9_5_IRQHandler
 *fill*         0x08002aee        0x2 
 .text.HAL_GPIO_EXTI_Callback
                0x08002af0       0x28 Src\stm32f1xx_it.o
                0x08002af0                HAL_GPIO_EXTI_Callback
 .text.TIM2_IRQHandler
                0x08002b18      0x118 Src\stm32f1xx_it.o
                0x08002b18                TIM2_IRQHandler
 .text._read    0x08002c30       0x1c Src\syscalls.o
                0x08002c30                _read
 .text._write   0x08002c4c       0x1c Src\syscalls.o
                0x08002c4c                _write
 .text._sbrk    0x08002c68       0x34 Src\syscalls.o
                0x08002c68                _sbrk
 .text._close   0x08002c9c        0x6 Src\syscalls.o
                0x08002c9c                _close
 .text._fstat   0x08002ca2        0xa Src\syscalls.o
                0x08002ca2                _fstat
 .text._isatty  0x08002cac        0x4 Src\syscalls.o
                0x08002cac                _isatty
 .text._lseek   0x08002cb0        0x4 Src\syscalls.o
                0x08002cb0                _lseek
 .text.SystemInit
                0x08002cb4       0x4c Src\system_stm32f1xx.o
                0x08002cb4                SystemInit
 .text.MX_USB_DEVICE_Init
                0x08002d00       0x50 Src\usb_device.o
                0x08002d00                MX_USB_DEVICE_Init
 .text.CDC_DeInit_FS
                0x08002d50        0x4 Src\usbd_cdc_if.o
 .text.CDC_Control_FS
                0x08002d54        0x4 Src\usbd_cdc_if.o
 .text.CDC_Receive_FS
                0x08002d58       0x1c Src\usbd_cdc_if.o
 .text.CDC_Init_FS
                0x08002d74       0x28 Src\usbd_cdc_if.o
 .text.HAL_PCD_MspInit
                0x08002d9c       0x3c Src\usbd_conf.o
                0x08002d9c                HAL_PCD_MspInit
 .text.HAL_PCD_SetupStageCallback
                0x08002dd8        0xc Src\usbd_conf.o
                0x08002dd8                HAL_PCD_SetupStageCallback
 .text.HAL_PCD_DataOutStageCallback
                0x08002de4       0x10 Src\usbd_conf.o
                0x08002de4                HAL_PCD_DataOutStageCallback
 .text.HAL_PCD_DataInStageCallback
                0x08002df4        0xe Src\usbd_conf.o
                0x08002df4                HAL_PCD_DataInStageCallback
 .text.HAL_PCD_SOFCallback
                0x08002e02        0x8 Src\usbd_conf.o
                0x08002e02                HAL_PCD_SOFCallback
 .text.HAL_PCD_ResetCallback
                0x08002e0a       0x24 Src\usbd_conf.o
                0x08002e0a                HAL_PCD_ResetCallback
 *fill*         0x08002e2e        0x2 
 .text.HAL_PCD_SuspendCallback
                0x08002e30       0x20 Src\usbd_conf.o
                0x08002e30                HAL_PCD_SuspendCallback
 .text.HAL_PCD_ResumeCallback
                0x08002e50        0x8 Src\usbd_conf.o
                0x08002e50                HAL_PCD_ResumeCallback
 .text.USBD_LL_Init
                0x08002e58       0x80 Src\usbd_conf.o
                0x08002e58                USBD_LL_Init
 .text.USBD_LL_Start
                0x08002ed8       0x1c Src\usbd_conf.o
                0x08002ed8                USBD_LL_Start
 .text.USBD_LL_OpenEP
                0x08002ef4       0x20 Src\usbd_conf.o
                0x08002ef4                USBD_LL_OpenEP
 .text.USBD_LL_CloseEP
                0x08002f14       0x1c Src\usbd_conf.o
                0x08002f14                USBD_LL_CloseEP
 .text.USBD_LL_StallEP
                0x08002f30       0x1c Src\usbd_conf.o
                0x08002f30                USBD_LL_StallEP
 .text.USBD_LL_ClearStallEP
                0x08002f4c       0x1c Src\usbd_conf.o
                0x08002f4c                USBD_LL_ClearStallEP
 .text.USBD_LL_IsStallEP
                0x08002f68       0x20 Src\usbd_conf.o
                0x08002f68                USBD_LL_IsStallEP
 .text.USBD_LL_SetUSBAddress
                0x08002f88       0x1c Src\usbd_conf.o
                0x08002f88                USBD_LL_SetUSBAddress
 .text.USBD_LL_Transmit
                0x08002fa4       0x1c Src\usbd_conf.o
                0x08002fa4                USBD_LL_Transmit
 .text.USBD_LL_PrepareReceive
                0x08002fc0       0x1c Src\usbd_conf.o
                0x08002fc0                USBD_LL_PrepareReceive
 .text.USBD_LL_GetRxDataSize
                0x08002fdc        0x8 Src\usbd_conf.o
                0x08002fdc                USBD_LL_GetRxDataSize
 .text.USBD_static_malloc
                0x08002fe4        0x8 Src\usbd_conf.o
                0x08002fe4                USBD_static_malloc
 .text.USBD_static_free
                0x08002fec        0x2 Src\usbd_conf.o
                0x08002fec                USBD_static_free
 .text.HAL_PCDEx_SetConnectionState
                0x08002fee        0x2 Src\usbd_conf.o
                0x08002fee                HAL_PCDEx_SetConnectionState
 .text.USBD_FS_DeviceDescriptor
                0x08002ff0        0xc Src\usbd_desc.o
                0x08002ff0                USBD_FS_DeviceDescriptor
 .text.USBD_FS_LangIDStrDescriptor
                0x08002ffc        0xc Src\usbd_desc.o
                0x08002ffc                USBD_FS_LangIDStrDescriptor
 .text.IntToUnicode
                0x08003008       0x28 Src\usbd_desc.o
 .text.USBD_FS_SerialStrDescriptor
                0x08003030       0x40 Src\usbd_desc.o
                0x08003030                USBD_FS_SerialStrDescriptor
 .text.USBD_FS_ManufacturerStrDescriptor
                0x08003070       0x1c Src\usbd_desc.o
                0x08003070                USBD_FS_ManufacturerStrDescriptor
 .text.USBD_FS_ProductStrDescriptor
                0x0800308c       0x1c Src\usbd_desc.o
                0x0800308c                USBD_FS_ProductStrDescriptor
 .text.USBD_FS_ConfigStrDescriptor
                0x080030a8       0x1c Src\usbd_desc.o
                0x080030a8                USBD_FS_ConfigStrDescriptor
 .text.USBD_FS_InterfaceStrDescriptor
                0x080030c4       0x1c Src\usbd_desc.o
                0x080030c4                USBD_FS_InterfaceStrDescriptor
 .text.Reset_Handler
                0x080030e0       0x48 startup\startup_stm32f103xb.o
                0x080030e0                Reset_Handler
 .text.Default_Handler
                0x08003128        0x2 startup\startup_stm32f103xb.o
                0x08003128                RTC_Alarm_IRQHandler
                0x08003128                EXTI2_IRQHandler
                0x08003128                TIM1_CC_IRQHandler
                0x08003128                PVD_IRQHandler
                0x08003128                EXTI0_IRQHandler
                0x08003128                I2C2_EV_IRQHandler
                0x08003128                ADC1_2_IRQHandler
                0x08003128                SPI1_IRQHandler
                0x08003128                TAMPER_IRQHandler
                0x08003128                DMA1_Channel4_IRQHandler
                0x08003128                USART3_IRQHandler
                0x08003128                RTC_IRQHandler
                0x08003128                DMA1_Channel7_IRQHandler
                0x08003128                CAN1_RX1_IRQHandler
                0x08003128                TIM4_IRQHandler
                0x08003128                I2C1_EV_IRQHandler
                0x08003128                DMA1_Channel6_IRQHandler
                0x08003128                TIM3_IRQHandler
                0x08003128                RCC_IRQHandler
                0x08003128                TIM1_TRG_COM_IRQHandler
                0x08003128                DMA1_Channel1_IRQHandler
                0x08003128                Default_Handler
                0x08003128                EXTI15_10_IRQHandler
                0x08003128                SPI2_IRQHandler
                0x08003128                DMA1_Channel5_IRQHandler
                0x08003128                EXTI4_IRQHandler
                0x08003128                USB_HP_CAN1_TX_IRQHandler
                0x08003128                DMA1_Channel3_IRQHandler
                0x08003128                TIM1_UP_IRQHandler
                0x08003128                WWDG_IRQHandler
                0x08003128                TIM1_BRK_IRQHandler
                0x08003128                EXTI1_IRQHandler
                0x08003128                USART2_IRQHandler
                0x08003128                I2C2_ER_IRQHandler
                0x08003128                DMA1_Channel2_IRQHandler
                0x08003128                CAN1_SCE_IRQHandler
                0x08003128                FLASH_IRQHandler
                0x08003128                USART1_IRQHandler
                0x08003128                I2C1_ER_IRQHandler
                0x08003128                USBWakeUp_IRQHandler
 *fill*         0x0800312a        0x2 
 .text.__errno  0x0800312c        0xc c:/program files (x86)/atollic/truestudio for stm32 9.3.0/armtools/bin/../lib/gcc/arm-atollic-eabi/6.3.1/../../../../arm-atollic-eabi/lib/armv7-m\libc_nano.a(lib_a-errno.o)
                0x0800312c                __errno
 .text.__libc_init_array
                0x08003138       0x48 c:/program files (x86)/atollic/truestudio for stm32 9.3.0/armtools/bin/../lib/gcc/arm-atollic-eabi/6.3.1/../../../../arm-atollic-eabi/lib/armv7-m\libc_nano.a(lib_a-init.o)
                0x08003138                __libc_init_array
 .text.memset   0x08003180       0x10 c:/program files (x86)/atollic/truestudio for stm32 9.3.0/armtools/bin/../lib/gcc/arm-atollic-eabi/6.3.1/../../../../arm-atollic-eabi/lib/armv7-m\libc_nano.a(lib_a-memset.o)
                0x08003180                memset
 .text.printf   0x08003190       0x30 c:/program files (x86)/atollic/truestudio for stm32 9.3.0/armtools/bin/../lib/gcc/arm-atollic-eabi/6.3.1/../../../../arm-atollic-eabi/lib/armv7-m\libc_nano.a(lib_a-printf.o)
                0x08003190                iprintf
                0x08003190                printf
 .text.putchar  0x080031c0       0x28 c:/program files (x86)/atollic/truestudio for stm32 9.3.0/armtools/bin/../lib/gcc/arm-atollic-eabi/6.3.1/../../../../arm-atollic-eabi/lib/armv7-m\libc_nano.a(lib_a-putchar.o)
                0x080031c0                putchar
 .text._cleanup_r
                0x080031e8        0xc c:/program files (x86)/atollic/truestudio for stm32 9.3.0/armtools/bin/../lib/gcc/arm-atollic-eabi/6.3.1/../../../../arm-atollic-eabi/lib/armv7-m\libc_nano.a(lib_a-findfp.o)
                0x080031e8                _cleanup_r
 .text.std.isra.0
                0x080031f4       0x48 c:/program files (x86)/atollic/truestudio for stm32 9.3.0/armtools/bin/../lib/gcc/arm-atollic-eabi/6.3.1/../../../../arm-atollic-eabi/lib/armv7-m\libc_nano.a(lib_a-findfp.o)
 .text.__sfmoreglue
                0x0800323c       0x2c c:/program files (x86)/atollic/truestudio for stm32 9.3.0/armtools/bin/../lib/gcc/arm-atollic-eabi/6.3.1/../../../../arm-atollic-eabi/lib/armv7-m\libc_nano.a(lib_a-findfp.o)
                0x0800323c                __sfmoreglue
 .text.__sinit  0x08003268       0x60 c:/program files (x86)/atollic/truestudio for stm32 9.3.0/armtools/bin/../lib/gcc/arm-atollic-eabi/6.3.1/../../../../arm-atollic-eabi/lib/armv7-m\libc_nano.a(lib_a-findfp.o)
                0x08003268                __sinit
 .text.__sfp    0x080032c8       0x78 c:/program files (x86)/atollic/truestudio for stm32 9.3.0/armtools/bin/../lib/gcc/arm-atollic-eabi/6.3.1/../../../../arm-atollic-eabi/lib/armv7-m\libc_nano.a(lib_a-findfp.o)
                0x080032c8                __sfp
 .text._fwalk_reent
                0x08003340       0x3c c:/program files (x86)/atollic/truestudio for stm32 9.3.0/armtools/bin/../lib/gcc/arm-atollic-eabi/6.3.1/../../../../arm-atollic-eabi/lib/armv7-m\libc_nano.a(lib_a-fwalk.o)
                0x08003340                _fwalk_reent
 .text._malloc_r
                0x0800337c       0xbc c:/program files (x86)/atollic/truestudio for stm32 9.3.0/armtools/bin/../lib/gcc/arm-atollic-eabi/6.3.1/../../../../arm-atollic-eabi/lib/armv7-m\libc_nano.a(lib_a-nano-mallocr.o)
                0x0800337c                _malloc_r
 .text.__sfputc_r
                0x08003438       0x2c c:/program files (x86)/atollic/truestudio for stm32 9.3.0/armtools/bin/../lib/gcc/arm-atollic-eabi/6.3.1/../../../../arm-atollic-eabi/lib/armv7-m\libc_nano.a(lib_a-nano-vfprintf.o)
 .text.__sfputs_r
                0x08003464       0x24 c:/program files (x86)/atollic/truestudio for stm32 9.3.0/armtools/bin/../lib/gcc/arm-atollic-eabi/6.3.1/../../../../arm-atollic-eabi/lib/armv7-m\libc_nano.a(lib_a-nano-vfprintf.o)
                0x08003464                __sfputs_r
 .text._vfprintf_r
                0x08003488      0x22c c:/program files (x86)/atollic/truestudio for stm32 9.3.0/armtools/bin/../lib/gcc/arm-atollic-eabi/6.3.1/../../../../arm-atollic-eabi/lib/armv7-m\libc_nano.a(lib_a-nano-vfprintf.o)
                0x08003488                _vfprintf_r
                0x08003488                _vfiprintf_r
 .text._printf_common
                0x080036b4       0xee c:/program files (x86)/atollic/truestudio for stm32 9.3.0/armtools/bin/../lib/gcc/arm-atollic-eabi/6.3.1/../../../../arm-atollic-eabi/lib/armv7-m\libc_nano.a(lib_a-nano-vfprintf_i.o)
                0x080036b4                _printf_common
 *fill*         0x080037a2        0x2 
 .text._printf_i
                0x080037a4      0x240 c:/program files (x86)/atollic/truestudio for stm32 9.3.0/armtools/bin/../lib/gcc/arm-atollic-eabi/6.3.1/../../../../arm-atollic-eabi/lib/armv7-m\libc_nano.a(lib_a-nano-vfprintf_i.o)
                0x080037a4                _printf_i
 .text._putc_r  0x080039e4       0x6c c:/program files (x86)/atollic/truestudio for stm32 9.3.0/armtools/bin/../lib/gcc/arm-atollic-eabi/6.3.1/../../../../arm-atollic-eabi/lib/armv7-m\libc_nano.a(lib_a-putc.o)
                0x080039e4                _putc_r
 .text._sbrk_r  0x08003a50       0x20 c:/program files (x86)/atollic/truestudio for stm32 9.3.0/armtools/bin/../lib/gcc/arm-atollic-eabi/6.3.1/../../../../arm-atollic-eabi/lib/armv7-m\libc_nano.a(lib_a-sbrkr.o)
                0x08003a50                _sbrk_r
 .text.__sread  0x08003a70       0x22 c:/program files (x86)/atollic/truestudio for stm32 9.3.0/armtools/bin/../lib/gcc/arm-atollic-eabi/6.3.1/../../../../arm-atollic-eabi/lib/armv7-m\libc_nano.a(lib_a-stdio.o)
                0x08003a70                __sread
 .text.__swrite
                0x08003a92       0x38 c:/program files (x86)/atollic/truestudio for stm32 9.3.0/armtools/bin/../lib/gcc/arm-atollic-eabi/6.3.1/../../../../arm-atollic-eabi/lib/armv7-m\libc_nano.a(lib_a-stdio.o)
                0x08003a92                __swrite
 .text.__sseek  0x08003aca       0x24 c:/program files (x86)/atollic/truestudio for stm32 9.3.0/armtools/bin/../lib/gcc/arm-atollic-eabi/6.3.1/../../../../arm-atollic-eabi/lib/armv7-m\libc_nano.a(lib_a-stdio.o)
                0x08003aca                __sseek
 .text.__sclose
                0x08003aee        0x8 c:/program files (x86)/atollic/truestudio for stm32 9.3.0/armtools/bin/../lib/gcc/arm-atollic-eabi/6.3.1/../../../../arm-atollic-eabi/lib/armv7-m\libc_nano.a(lib_a-stdio.o)
                0x08003aee                __sclose
 *fill*         0x08003af6        0x2 
 .text.__swbuf_r
                0x08003af8       0xa4 c:/program files (x86)/atollic/truestudio for stm32 9.3.0/armtools/bin/../lib/gcc/arm-atollic-eabi/6.3.1/../../../../arm-atollic-eabi/lib/armv7-m\libc_nano.a(lib_a-wbuf.o)
                0x08003af8                __swbuf_r
 .text._write_r
                0x08003b9c       0x24 c:/program files (x86)/atollic/truestudio for stm32 9.3.0/armtools/bin/../lib/gcc/arm-atollic-eabi/6.3.1/../../../../arm-atollic-eabi/lib/armv7-m\libc_nano.a(lib_a-writer.o)
                0x08003b9c                _write_r
 .text.__swsetup_r
                0x08003bc0       0xdc c:/program files (x86)/atollic/truestudio for stm32 9.3.0/armtools/bin/../lib/gcc/arm-atollic-eabi/6.3.1/../../../../arm-atollic-eabi/lib/armv7-m\libc_nano.a(lib_a-wsetup.o)
                0x08003bc0                __swsetup_r
 .text._close_r
                0x08003c9c       0x20 c:/program files (x86)/atollic/truestudio for stm32 9.3.0/armtools/bin/../lib/gcc/arm-atollic-eabi/6.3.1/../../../../arm-atollic-eabi/lib/armv7-m\libc_nano.a(lib_a-closer.o)
                0x08003c9c                _close_r
 .text.__sflush_r
                0x08003cbc      0x110 c:/program files (x86)/atollic/truestudio for stm32 9.3.0/armtools/bin/../lib/gcc/arm-atollic-eabi/6.3.1/../../../../arm-atollic-eabi/lib/armv7-m\libc_nano.a(lib_a-fflush.o)
                0x08003cbc                __sflush_r
 .text._fflush_r
                0x08003dcc       0x54 c:/program files (x86)/atollic/truestudio for stm32 9.3.0/armtools/bin/../lib/gcc/arm-atollic-eabi/6.3.1/../../../../arm-atollic-eabi/lib/armv7-m\libc_nano.a(lib_a-fflush.o)
                0x08003dcc                _fflush_r
 .text._lseek_r
                0x08003e20       0x24 c:/program files (x86)/atollic/truestudio for stm32 9.3.0/armtools/bin/../lib/gcc/arm-atollic-eabi/6.3.1/../../../../arm-atollic-eabi/lib/armv7-m\libc_nano.a(lib_a-lseekr.o)
                0x08003e20                _lseek_r
 .text.__swhatbuf_r
                0x08003e44       0x48 c:/program files (x86)/atollic/truestudio for stm32 9.3.0/armtools/bin/../lib/gcc/arm-atollic-eabi/6.3.1/../../../../arm-atollic-eabi/lib/armv7-m\libc_nano.a(lib_a-makebuf.o)
                0x08003e44                __swhatbuf_r
 .text.__smakebuf_r
                0x08003e8c       0x80 c:/program files (x86)/atollic/truestudio for stm32 9.3.0/armtools/bin/../lib/gcc/arm-atollic-eabi/6.3.1/../../../../arm-atollic-eabi/lib/armv7-m\libc_nano.a(lib_a-makebuf.o)
                0x08003e8c                __smakebuf_r
 .text.memchr   0x08003f0c       0x1c c:/program files (x86)/atollic/truestudio for stm32 9.3.0/armtools/bin/../lib/gcc/arm-atollic-eabi/6.3.1/../../../../arm-atollic-eabi/lib/armv7-m\libc_nano.a(lib_a-memchr-stub.o)
                0x08003f0c                memchr
 .text.__malloc_lock
                0x08003f28        0x2 c:/program files (x86)/atollic/truestudio for stm32 9.3.0/armtools/bin/../lib/gcc/arm-atollic-eabi/6.3.1/../../../../arm-atollic-eabi/lib/armv7-m\libc_nano.a(lib_a-mlock.o)
                0x08003f28                __malloc_lock
 .text.__malloc_unlock
                0x08003f2a        0x2 c:/program files (x86)/atollic/truestudio for stm32 9.3.0/armtools/bin/../lib/gcc/arm-atollic-eabi/6.3.1/../../../../arm-atollic-eabi/lib/armv7-m\libc_nano.a(lib_a-mlock.o)
                0x08003f2a                __malloc_unlock
 .text._free_r  0x08003f2c       0x98 c:/program files (x86)/atollic/truestudio for stm32 9.3.0/armtools/bin/../lib/gcc/arm-atollic-eabi/6.3.1/../../../../arm-atollic-eabi/lib/armv7-m\libc_nano.a(lib_a-nano-freer.o)
                0x08003f2c                _free_r
 .text._read_r  0x08003fc4       0x24 c:/program files (x86)/atollic/truestudio for stm32 9.3.0/armtools/bin/../lib/gcc/arm-atollic-eabi/6.3.1/../../../../arm-atollic-eabi/lib/armv7-m\libc_nano.a(lib_a-readr.o)
                0x08003fc4                _read_r
 .text._fstat_r
                0x08003fe8       0x24 c:/program files (x86)/atollic/truestudio for stm32 9.3.0/armtools/bin/../lib/gcc/arm-atollic-eabi/6.3.1/../../../../arm-atollic-eabi/lib/armv7-m\libc_nano.a(lib_a-fstatr.o)
                0x08003fe8                _fstat_r
 .text._isatty_r
                0x0800400c       0x20 c:/program files (x86)/atollic/truestudio for stm32 9.3.0/armtools/bin/../lib/gcc/arm-atollic-eabi/6.3.1/../../../../arm-atollic-eabi/lib/armv7-m\libc_nano.a(lib_a-isattyr.o)
                0x0800400c                _isatty_r
 *(.glue_7)
 .glue_7        0x0800402c        0x0 linker stubs
 *(.glue_7t)
 .glue_7t       0x0800402c        0x0 linker stubs
 *(.eh_frame)
 .eh_frame      0x0800402c        0x0 c:/program files (x86)/atollic/truestudio for stm32 9.3.0/armtools/bin/../lib/gcc/arm-atollic-eabi/6.3.1/armv7-m/crtbegin.o
 *(.init)
 .init          0x0800402c        0x4 c:/program files (x86)/atollic/truestudio for stm32 9.3.0/armtools/bin/../lib/gcc/arm-atollic-eabi/6.3.1/armv7-m/crti.o
                0x0800402c                _init
 .init          0x08004030        0x8 c:/program files (x86)/atollic/truestudio for stm32 9.3.0/armtools/bin/../lib/gcc/arm-atollic-eabi/6.3.1/armv7-m/crtn.o
 *(.fini)
 .fini          0x08004038        0x4 c:/program files (x86)/atollic/truestudio for stm32 9.3.0/armtools/bin/../lib/gcc/arm-atollic-eabi/6.3.1/armv7-m/crti.o
                0x08004038                _fini
 .fini          0x0800403c        0x8 c:/program files (x86)/atollic/truestudio for stm32 9.3.0/armtools/bin/../lib/gcc/arm-atollic-eabi/6.3.1/armv7-m/crtn.o
                0x08004044                . = ALIGN (0x4)
                0x08004044                _etext = .

.vfp11_veneer   0x08004044        0x0
 .vfp11_veneer  0x08004044        0x0 linker stubs

.v4_bx          0x08004044        0x0
 .v4_bx         0x08004044        0x0 linker stubs

.iplt           0x08004044        0x0
 .iplt          0x08004044        0x0 c:/program files (x86)/atollic/truestudio for stm32 9.3.0/armtools/bin/../lib/gcc/arm-atollic-eabi/6.3.1/armv7-m/crtbegin.o

.rodata         0x08004044      0x134
                0x08004044                . = ALIGN (0x4)
 *(.rodata)
 .rodata        0x08004044       0x10 Drivers\STM32F1xx_HAL_Driver\Src\stm32f1xx_hal_rcc.o
 *(.rodata*)
 .rodata.USBD_Init.str1.1
                0x08004054       0x1e Middlewares\ST\STM32_USB_Device_Library\Core\Src\usbd_core.o
 .rodata.USBD_RegisterClass.str1.1
                0x08004072       0x15 Middlewares\ST\STM32_USB_Device_Library\Core\Src\usbd_core.o
 .rodata.AHBPrescTable
                0x08004087       0x10 Src\system_stm32f1xx.o
                0x08004087                AHBPrescTable
 .rodata.CSWTCH.4
                0x08004097        0x4 Src\usbd_conf.o
 .rodata.USBD_FS_ConfigStrDescriptor.str1.1
                0x0800409b        0xb Src\usbd_desc.o
 .rodata.USBD_FS_InterfaceStrDescriptor.str1.1
                0x080040a6        0xe Src\usbd_desc.o
 .rodata.USBD_FS_ManufacturerStrDescriptor.str1.1
                0x080040b4       0x13 Src\usbd_desc.o
 .rodata.USBD_FS_ProductStrDescriptor.str1.1
                0x080040c7       0x16 Src\usbd_desc.o
 *fill*         0x080040dd        0x3 
 .rodata._global_impure_ptr
                0x080040e0        0x4 c:/program files (x86)/atollic/truestudio for stm32 9.3.0/armtools/bin/../lib/gcc/arm-atollic-eabi/6.3.1/../../../../arm-atollic-eabi/lib/armv7-m\libc_nano.a(lib_a-impure.o)
                0x080040e0                _global_impure_ptr
 .rodata.__sf_fake_stderr
                0x080040e4       0x20 c:/program files (x86)/atollic/truestudio for stm32 9.3.0/armtools/bin/../lib/gcc/arm-atollic-eabi/6.3.1/../../../../arm-atollic-eabi/lib/armv7-m\libc_nano.a(lib_a-findfp.o)
                0x080040e4                __sf_fake_stderr
 .rodata.__sf_fake_stdin
                0x08004104       0x20 c:/program files (x86)/atollic/truestudio for stm32 9.3.0/armtools/bin/../lib/gcc/arm-atollic-eabi/6.3.1/../../../../arm-atollic-eabi/lib/armv7-m\libc_nano.a(lib_a-findfp.o)
                0x08004104                __sf_fake_stdin
 .rodata.__sf_fake_stdout
                0x08004124       0x20 c:/program files (x86)/atollic/truestudio for stm32 9.3.0/armtools/bin/../lib/gcc/arm-atollic-eabi/6.3.1/../../../../arm-atollic-eabi/lib/armv7-m\libc_nano.a(lib_a-findfp.o)
                0x08004124                __sf_fake_stdout
 .rodata._vfprintf_r.str1.1
                0x08004144       0x11 c:/program files (x86)/atollic/truestudio for stm32 9.3.0/armtools/bin/../lib/gcc/arm-atollic-eabi/6.3.1/../../../../arm-atollic-eabi/lib/armv7-m\libc_nano.a(lib_a-nano-vfprintf.o)
 .rodata._printf_i.str1.1
                0x08004155       0x22 c:/program files (x86)/atollic/truestudio for stm32 9.3.0/armtools/bin/../lib/gcc/arm-atollic-eabi/6.3.1/../../../../arm-atollic-eabi/lib/armv7-m\libc_nano.a(lib_a-nano-vfprintf_i.o)
                0x08004178                . = ALIGN (0x4)
 *fill*         0x08004177        0x1 

.rel.dyn        0x08004178        0x0
 .rel.iplt      0x08004178        0x0 c:/program files (x86)/atollic/truestudio for stm32 9.3.0/armtools/bin/../lib/gcc/arm-atollic-eabi/6.3.1/armv7-m/crtbegin.o

.ARM.extab
 *(.ARM.extab* .gnu.linkonce.armextab.*)

.ARM            0x08004178        0x0
                0x08004178                __exidx_start = .
 *(.ARM.exidx*)
                0x08004178                __exidx_end = .

.preinit_array  0x08004178        0x0
                0x08004178                PROVIDE (__preinit_array_start, .)
 *(.preinit_array*)
                0x08004178                PROVIDE (__preinit_array_end, .)

.init_array     0x08004178        0x4
                0x08004178                PROVIDE (__init_array_start, .)
 *(SORT(.init_array.*))
 *(.init_array*)
 .init_array    0x08004178        0x4 c:/program files (x86)/atollic/truestudio for stm32 9.3.0/armtools/bin/../lib/gcc/arm-atollic-eabi/6.3.1/armv7-m/crtbegin.o
                0x0800417c                PROVIDE (__init_array_end, .)

.fini_array     0x0800417c        0x4
                [!provide]                PROVIDE (__fini_array_start, .)
 *(SORT(.fini_array.*))
 *(.fini_array*)
 .fini_array    0x0800417c        0x4 c:/program files (x86)/atollic/truestudio for stm32 9.3.0/armtools/bin/../lib/gcc/arm-atollic-eabi/6.3.1/armv7-m/crtbegin.o
                [!provide]                PROVIDE (__fini_array_end, .)
                0x08004180                _sidata = LOADADDR (.data)

.data           0x20000000      0x1e0 load address 0x08004180
                0x20000000                . = ALIGN (0x4)
                0x20000000                _sdata = .
 *(.data)
 *(.data*)
 .data.uwTickFreq
                0x20000000        0x1 Drivers\STM32F1xx_HAL_Driver\Src\stm32f1xx_hal.o
                0x20000000                uwTickFreq
 *fill*         0x20000001        0x3 
 .data.uwTickPrio
                0x20000004        0x4 Drivers\STM32F1xx_HAL_Driver\Src\stm32f1xx_hal.o
                0x20000004                uwTickPrio
 .data.USBD_CDC
                0x20000008       0x38 Middlewares\ST\STM32_USB_Device_Library\Class\CDC\Src\usbd_cdc.o
                0x20000008                USBD_CDC
 .data.USBD_CDC_CfgFSDesc
                0x20000040       0x43 Middlewares\ST\STM32_USB_Device_Library\Class\CDC\Src\usbd_cdc.o
                0x20000040                USBD_CDC_CfgFSDesc
 *fill*         0x20000083        0x1 
 .data.USBD_CDC_CfgHSDesc
                0x20000084       0x43 Middlewares\ST\STM32_USB_Device_Library\Class\CDC\Src\usbd_cdc.o
                0x20000084                USBD_CDC_CfgHSDesc
 *fill*         0x200000c7        0x1 
 .data.USBD_CDC_DeviceQualifierDesc
                0x200000c8        0xa Middlewares\ST\STM32_USB_Device_Library\Class\CDC\Src\usbd_cdc.o
 *fill*         0x200000d2        0x2 
 .data.USBD_CDC_OtherSpeedCfgDesc
                0x200000d4       0x43 Middlewares\ST\STM32_USB_Device_Library\Class\CDC\Src\usbd_cdc.o
                0x200000d4                USBD_CDC_OtherSpeedCfgDesc
 *fill*         0x20000117        0x1 
 .data.SystemCoreClock
                0x20000118        0x4 Src\system_stm32f1xx.o
                0x20000118                SystemCoreClock
 .data.USBD_Interface_fops_FS
                0x2000011c       0x10 Src\usbd_cdc_if.o
                0x2000011c                USBD_Interface_fops_FS
 .data.FS_Desc  0x2000012c       0x1c Src\usbd_desc.o
                0x2000012c                FS_Desc
 .data.USBD_FS_DeviceDesc
                0x20000148       0x12 Src\usbd_desc.o
                0x20000148                USBD_FS_DeviceDesc
 *fill*         0x2000015a        0x2 
 .data.USBD_LangIDDesc
                0x2000015c        0x4 Src\usbd_desc.o
                0x2000015c                USBD_LangIDDesc
 .data.USBD_StringSerial
                0x20000160       0x1a Src\usbd_desc.o
                0x20000160                USBD_StringSerial
 *fill*         0x2000017a        0x2 
 .data._impure_ptr
                0x2000017c        0x4 c:/program files (x86)/atollic/truestudio for stm32 9.3.0/armtools/bin/../lib/gcc/arm-atollic-eabi/6.3.1/../../../../arm-atollic-eabi/lib/armv7-m\libc_nano.a(lib_a-impure.o)
                0x2000017c                _impure_ptr
 .data.impure_data
                0x20000180       0x60 c:/program files (x86)/atollic/truestudio for stm32 9.3.0/armtools/bin/../lib/gcc/arm-atollic-eabi/6.3.1/../../../../arm-atollic-eabi/lib/armv7-m\libc_nano.a(lib_a-impure.o)
                0x200001e0                . = ALIGN (0x4)
                0x200001e0                _edata = .

.igot.plt       0x200001e0        0x0 load address 0x08004360
 .igot.plt      0x200001e0        0x0 c:/program files (x86)/atollic/truestudio for stm32 9.3.0/armtools/bin/../lib/gcc/arm-atollic-eabi/6.3.1/armv7-m/crtbegin.o
                0x200001e0                . = ALIGN (0x4)

.bss            0x200001e0     0x11a8 load address 0x08004360
                0x200001e0                _sbss = .
                0x200001e0                __bss_start__ = _sbss
 *(.bss)
 .bss           0x200001e0       0x1c c:/program files (x86)/atollic/truestudio for stm32 9.3.0/armtools/bin/../lib/gcc/arm-atollic-eabi/6.3.1/armv7-m/crtbegin.o
 *(.bss*)
 .bss.cfgidx.8068
                0x200001fc        0x1 Middlewares\ST\STM32_USB_Device_Library\Core\Src\usbd_ctlreq.o
 *fill*         0x200001fd        0x3 
 .bss.flag_timer_pause
                0x20000200        0x4 Src\stm32f1xx_it.o
                0x20000200                flag_timer_pause
 .bss.glob_time
                0x20000204        0x4 Src\stm32f1xx_it.o
                0x20000204                glob_time
 .bss.time_after_btn
                0x20000208        0x4 Src\stm32f1xx_it.o
                0x20000208                time_after_btn
 .bss.time_s    0x2000020c        0x4 Src\stm32f1xx_it.o
                0x2000020c                time_s
 .bss.time_sec_ctr
                0x20000210        0x4 Src\stm32f1xx_it.o
                0x20000210                time_sec_ctr
 .bss.heap_end.5887
                0x20000214        0x4 Src\syscalls.o
 .bss.mem.8133  0x20000218      0x220 Src\usbd_conf.o
 .bss.__malloc_free_list
                0x20000438        0x4 c:/program files (x86)/atollic/truestudio for stm32 9.3.0/armtools/bin/../lib/gcc/arm-atollic-eabi/6.3.1/../../../../arm-atollic-eabi/lib/armv7-m\libc_nano.a(lib_a-nano-mallocr.o)
                0x20000438                __malloc_free_list
 .bss.__malloc_sbrk_start
                0x2000043c        0x4 c:/program files (x86)/atollic/truestudio for stm32 9.3.0/armtools/bin/../lib/gcc/arm-atollic-eabi/6.3.1/../../../../arm-atollic-eabi/lib/armv7-m\libc_nano.a(lib_a-nano-mallocr.o)
                0x2000043c                __malloc_sbrk_start
 *(COMMON)
 COMMON         0x20000440        0x4 Drivers\STM32F1xx_HAL_Driver\Src\stm32f1xx_hal.o
                0x20000440                uwTick
 COMMON         0x20000444       0x40 Src\main.o
                0x20000444                htim2
 COMMON         0x20000484      0x2c4 Src\usb_device.o
                0x20000484                hUsbDeviceFS
 COMMON         0x20000748      0x7d0 Src\usbd_cdc_if.o
                0x20000748                UserRxBufferFS
                0x20000b30                UserTxBufferFS
 COMMON         0x20000f18      0x26c Src\usbd_conf.o
                0x20000f18                hpcd_USB_FS
 COMMON         0x20001184      0x200 Src\usbd_desc.o
                0x20001184                USBD_StrDesc
 COMMON         0x20001384        0x4 c:/program files (x86)/atollic/truestudio for stm32 9.3.0/armtools/bin/../lib/gcc/arm-atollic-eabi/6.3.1/../../../../arm-atollic-eabi/lib/armv7-m\libc_nano.a(lib_a-reent.o)
                0x20001384                errno
                0x20001388                . = ALIGN (0x4)
                0x20001388                _ebss = .
                0x20001388                __bss_end__ = _ebss

._user_heap_stack
                0x20001388      0x600 load address 0x08004360
                0x20001388                . = ALIGN (0x4)
                0x20001388                PROVIDE (end, .)
                [!provide]                PROVIDE (_end, .)
                0x20001588                . = (. + _Min_Heap_Size)
 *fill*         0x20001388      0x200 
                0x20001988                . = (. + _Min_Stack_Size)
 *fill*         0x20001588      0x400 
                0x20001988                . = ALIGN (0x4)

/DISCARD/
 libc.a(*)
 libm.a(*)
 libgcc.a(*)

.ARM.attributes
                0x00000000       0x29
 *(.ARM.attributes)
 .ARM.attributes
                0x00000000       0x1d c:/program files (x86)/atollic/truestudio for stm32 9.3.0/armtools/bin/../lib/gcc/arm-atollic-eabi/6.3.1/armv7-m/crti.o
 .ARM.attributes
                0x0000001d       0x2d c:/program files (x86)/atollic/truestudio for stm32 9.3.0/armtools/bin/../lib/gcc/arm-atollic-eabi/6.3.1/armv7-m/crtbegin.o
 .ARM.attributes
                0x0000004a       0x33 Drivers\STM32F1xx_HAL_Driver\Src\stm32f1xx_hal.o
 .ARM.attributes
                0x0000007d       0x33 Drivers\STM32F1xx_HAL_Driver\Src\stm32f1xx_hal_cortex.o
 .ARM.attributes
                0x000000b0       0x33 Drivers\STM32F1xx_HAL_Driver\Src\stm32f1xx_hal_gpio.o
 .ARM.attributes
                0x000000e3       0x33 Drivers\STM32F1xx_HAL_Driver\Src\stm32f1xx_hal_pcd.o
 .ARM.attributes
                0x00000116       0x33 Drivers\STM32F1xx_HAL_Driver\Src\stm32f1xx_hal_pcd_ex.o
 .ARM.attributes
                0x00000149       0x33 Drivers\STM32F1xx_HAL_Driver\Src\stm32f1xx_hal_rcc.o
 .ARM.attributes
                0x0000017c       0x33 Drivers\STM32F1xx_HAL_Driver\Src\stm32f1xx_hal_rcc_ex.o
 .ARM.attributes
                0x000001af       0x33 Drivers\STM32F1xx_HAL_Driver\Src\stm32f1xx_hal_tim.o
 .ARM.attributes
                0x000001e2       0x33 Drivers\STM32F1xx_HAL_Driver\Src\stm32f1xx_hal_tim_ex.o
 .ARM.attributes
                0x00000215       0x33 Drivers\STM32F1xx_HAL_Driver\Src\stm32f1xx_ll_usb.o
 .ARM.attributes
                0x00000248       0x33 Middlewares\ST\STM32_USB_Device_Library\Class\CDC\Src\usbd_cdc.o
 .ARM.attributes
                0x0000027b       0x33 Middlewares\ST\STM32_USB_Device_Library\Core\Src\usbd_core.o
 .ARM.attributes
                0x000002ae       0x33 Middlewares\ST\STM32_USB_Device_Library\Core\Src\usbd_ctlreq.o
 .ARM.attributes
                0x000002e1       0x33 Middlewares\ST\STM32_USB_Device_Library\Core\Src\usbd_ioreq.o
 .ARM.attributes
                0x00000314       0x33 Src\main.o
 .ARM.attributes
                0x00000347       0x33 Src\stm32f1xx_hal_msp.o
 .ARM.attributes
                0x0000037a       0x33 Src\stm32f1xx_it.o
 .ARM.attributes
                0x000003ad       0x33 Src\syscalls.o
 .ARM.attributes
                0x000003e0       0x33 Src\system_stm32f1xx.o
 .ARM.attributes
                0x00000413       0x33 Src\usb_device.o
 .ARM.attributes
                0x00000446       0x33 Src\usbd_cdc_if.o
 .ARM.attributes
                0x00000479       0x33 Src\usbd_conf.o
 .ARM.attributes
                0x000004ac       0x33 Src\usbd_desc.o
 .ARM.attributes
                0x000004df       0x21 startup\startup_stm32f103xb.o
 .ARM.attributes
                0x00000500       0x2d c:/program files (x86)/atollic/truestudio for stm32 9.3.0/armtools/bin/../lib/gcc/arm-atollic-eabi/6.3.1/../../../../arm-atollic-eabi/lib/armv7-m\libc_nano.a(lib_a-errno.o)
 .ARM.attributes
                0x0000052d       0x2d c:/program files (x86)/atollic/truestudio for stm32 9.3.0/armtools/bin/../lib/gcc/arm-atollic-eabi/6.3.1/../../../../arm-atollic-eabi/lib/armv7-m\libc_nano.a(lib_a-impure.o)
 .ARM.attributes
                0x0000055a       0x2d c:/program files (x86)/atollic/truestudio for stm32 9.3.0/armtools/bin/../lib/gcc/arm-atollic-eabi/6.3.1/../../../../arm-atollic-eabi/lib/armv7-m\libc_nano.a(lib_a-init.o)
 .ARM.attributes
                0x00000587       0x2d c:/program files (x86)/atollic/truestudio for stm32 9.3.0/armtools/bin/../lib/gcc/arm-atollic-eabi/6.3.1/../../../../arm-atollic-eabi/lib/armv7-m\libc_nano.a(lib_a-memset.o)
 .ARM.attributes
                0x000005b4       0x2d c:/program files (x86)/atollic/truestudio for stm32 9.3.0/armtools/bin/../lib/gcc/arm-atollic-eabi/6.3.1/../../../../arm-atollic-eabi/lib/armv7-m\libc_nano.a(lib_a-printf.o)
 .ARM.attributes
                0x000005e1       0x2d c:/program files (x86)/atollic/truestudio for stm32 9.3.0/armtools/bin/../lib/gcc/arm-atollic-eabi/6.3.1/../../../../arm-atollic-eabi/lib/armv7-m\libc_nano.a(lib_a-putchar.o)
 .ARM.attributes
                0x0000060e       0x2d c:/program files (x86)/atollic/truestudio for stm32 9.3.0/armtools/bin/../lib/gcc/arm-atollic-eabi/6.3.1/../../../../arm-atollic-eabi/lib/armv7-m\libc_nano.a(lib_a-findfp.o)
 .ARM.attributes
                0x0000063b       0x2d c:/program files (x86)/atollic/truestudio for stm32 9.3.0/armtools/bin/../lib/gcc/arm-atollic-eabi/6.3.1/../../../../arm-atollic-eabi/lib/armv7-m\libc_nano.a(lib_a-fwalk.o)
 .ARM.attributes
                0x00000668       0x2d c:/program files (x86)/atollic/truestudio for stm32 9.3.0/armtools/bin/../lib/gcc/arm-atollic-eabi/6.3.1/../../../../arm-atollic-eabi/lib/armv7-m\libc_nano.a(lib_a-nano-mallocr.o)
 .ARM.attributes
                0x00000695       0x2d c:/program files (x86)/atollic/truestudio for stm32 9.3.0/armtools/bin/../lib/gcc/arm-atollic-eabi/6.3.1/../../../../arm-atollic-eabi/lib/armv7-m\libc_nano.a(lib_a-nano-vfprintf.o)
 .ARM.attributes
                0x000006c2       0x2d c:/program files (x86)/atollic/truestudio for stm32 9.3.0/armtools/bin/../lib/gcc/arm-atollic-eabi/6.3.1/../../../../arm-atollic-eabi/lib/armv7-m\libc_nano.a(lib_a-nano-vfprintf_i.o)
 .ARM.attributes
                0x000006ef       0x2d c:/program files (x86)/atollic/truestudio for stm32 9.3.0/armtools/bin/../lib/gcc/arm-atollic-eabi/6.3.1/../../../../arm-atollic-eabi/lib/armv7-m\libc_nano.a(lib_a-putc.o)
 .ARM.attributes
                0x0000071c       0x2d c:/program files (x86)/atollic/truestudio for stm32 9.3.0/armtools/bin/../lib/gcc/arm-atollic-eabi/6.3.1/../../../../arm-atollic-eabi/lib/armv7-m\libc_nano.a(lib_a-sbrkr.o)
 .ARM.attributes
                0x00000749       0x2d c:/program files (x86)/atollic/truestudio for stm32 9.3.0/armtools/bin/../lib/gcc/arm-atollic-eabi/6.3.1/../../../../arm-atollic-eabi/lib/armv7-m\libc_nano.a(lib_a-stdio.o)
 .ARM.attributes
                0x00000776       0x2d c:/program files (x86)/atollic/truestudio for stm32 9.3.0/armtools/bin/../lib/gcc/arm-atollic-eabi/6.3.1/../../../../arm-atollic-eabi/lib/armv7-m\libc_nano.a(lib_a-wbuf.o)
 .ARM.attributes
                0x000007a3       0x2d c:/program files (x86)/atollic/truestudio for stm32 9.3.0/armtools/bin/../lib/gcc/arm-atollic-eabi/6.3.1/../../../../arm-atollic-eabi/lib/armv7-m\libc_nano.a(lib_a-writer.o)
 .ARM.attributes
                0x000007d0       0x2d c:/program files (x86)/atollic/truestudio for stm32 9.3.0/armtools/bin/../lib/gcc/arm-atollic-eabi/6.3.1/../../../../arm-atollic-eabi/lib/armv7-m\libc_nano.a(lib_a-wsetup.o)
 .ARM.attributes
                0x000007fd       0x2d c:/program files (x86)/atollic/truestudio for stm32 9.3.0/armtools/bin/../lib/gcc/arm-atollic-eabi/6.3.1/../../../../arm-atollic-eabi/lib/armv7-m\libc_nano.a(lib_a-closer.o)
 .ARM.attributes
                0x0000082a       0x2d c:/program files (x86)/atollic/truestudio for stm32 9.3.0/armtools/bin/../lib/gcc/arm-atollic-eabi/6.3.1/../../../../arm-atollic-eabi/lib/armv7-m\libc_nano.a(lib_a-fflush.o)
 .ARM.attributes
                0x00000857       0x2d c:/program files (x86)/atollic/truestudio for stm32 9.3.0/armtools/bin/../lib/gcc/arm-atollic-eabi/6.3.1/../../../../arm-atollic-eabi/lib/armv7-m\libc_nano.a(lib_a-lseekr.o)
 .ARM.attributes
                0x00000884       0x2d c:/program files (x86)/atollic/truestudio for stm32 9.3.0/armtools/bin/../lib/gcc/arm-atollic-eabi/6.3.1/../../../../arm-atollic-eabi/lib/armv7-m\libc_nano.a(lib_a-makebuf.o)
 .ARM.attributes
                0x000008b1       0x2d c:/program files (x86)/atollic/truestudio for stm32 9.3.0/armtools/bin/../lib/gcc/arm-atollic-eabi/6.3.1/../../../../arm-atollic-eabi/lib/armv7-m\libc_nano.a(lib_a-memchr-stub.o)
 .ARM.attributes
                0x000008de       0x2d c:/program files (x86)/atollic/truestudio for stm32 9.3.0/armtools/bin/../lib/gcc/arm-atollic-eabi/6.3.1/../../../../arm-atollic-eabi/lib/armv7-m\libc_nano.a(lib_a-mlock.o)
 .ARM.attributes
                0x0000090b       0x2d c:/program files (x86)/atollic/truestudio for stm32 9.3.0/armtools/bin/../lib/gcc/arm-atollic-eabi/6.3.1/../../../../arm-atollic-eabi/lib/armv7-m\libc_nano.a(lib_a-nano-freer.o)
 .ARM.attributes
                0x00000938       0x2d c:/program files (x86)/atollic/truestudio for stm32 9.3.0/armtools/bin/../lib/gcc/arm-atollic-eabi/6.3.1/../../../../arm-atollic-eabi/lib/armv7-m\libc_nano.a(lib_a-readr.o)
 .ARM.attributes
                0x00000965       0x2d c:/program files (x86)/atollic/truestudio for stm32 9.3.0/armtools/bin/../lib/gcc/arm-atollic-eabi/6.3.1/../../../../arm-atollic-eabi/lib/armv7-m\libc_nano.a(lib_a-reent.o)
 .ARM.attributes
                0x00000992       0x2d c:/program files (x86)/atollic/truestudio for stm32 9.3.0/armtools/bin/../lib/gcc/arm-atollic-eabi/6.3.1/../../../../arm-atollic-eabi/lib/armv7-m\libc_nano.a(lib_a-fstatr.o)
 .ARM.attributes
                0x000009bf       0x2d c:/program files (x86)/atollic/truestudio for stm32 9.3.0/armtools/bin/../lib/gcc/arm-atollic-eabi/6.3.1/../../../../arm-atollic-eabi/lib/armv7-m\libc_nano.a(lib_a-isattyr.o)
 .ARM.attributes
                0x000009ec       0x1d c:/program files (x86)/atollic/truestudio for stm32 9.3.0/armtools/bin/../lib/gcc/arm-atollic-eabi/6.3.1/armv7-m/crtn.o
OUTPUT(test.elf elf32-littlearm)

.debug_info     0x00000000    0x189aa
 .debug_info    0x00000000      0x7cd Drivers\STM32F1xx_HAL_Driver\Src\stm32f1xx_hal.o
 .debug_info    0x000007cd      0xca7 Drivers\STM32F1xx_HAL_Driver\Src\stm32f1xx_hal_cortex.o
 .debug_info    0x00001474      0x691 Drivers\STM32F1xx_HAL_Driver\Src\stm32f1xx_hal_gpio.o
 .debug_info    0x00001b05     0x12df Drivers\STM32F1xx_HAL_Driver\Src\stm32f1xx_hal_pcd.o
 .debug_info    0x00002de4      0x750 Drivers\STM32F1xx_HAL_Driver\Src\stm32f1xx_hal_pcd_ex.o
 .debug_info    0x00003534      0xa01 Drivers\STM32F1xx_HAL_Driver\Src\stm32f1xx_hal_rcc.o
 .debug_info    0x00003f35      0x48b Drivers\STM32F1xx_HAL_Driver\Src\stm32f1xx_hal_rcc_ex.o
 .debug_info    0x000043c0     0x34cc Drivers\STM32F1xx_HAL_Driver\Src\stm32f1xx_hal_tim.o
 .debug_info    0x0000788c     0x12fc Drivers\STM32F1xx_HAL_Driver\Src\stm32f1xx_hal_tim_ex.o
 .debug_info    0x00008b88     0x1575 Drivers\STM32F1xx_HAL_Driver\Src\stm32f1xx_ll_usb.o
 .debug_info    0x0000a0fd     0x1a56 Middlewares\ST\STM32_USB_Device_Library\Class\CDC\Src\usbd_cdc.o
 .debug_info    0x0000bb53     0x1594 Middlewares\ST\STM32_USB_Device_Library\Core\Src\usbd_core.o
 .debug_info    0x0000d0e7     0x1534 Middlewares\ST\STM32_USB_Device_Library\Core\Src\usbd_ctlreq.o
 .debug_info    0x0000e61b     0x101d Middlewares\ST\STM32_USB_Device_Library\Core\Src\usbd_ioreq.o
 .debug_info    0x0000f638     0x173d Src\main.o
 .debug_info    0x00010d75      0x949 Src\stm32f1xx_hal_msp.o
 .debug_info    0x000116be      0xe80 Src\stm32f1xx_it.o
 .debug_info    0x0001253e      0xfe1 Src\syscalls.o
 .debug_info    0x0001351f      0x437 Src\system_stm32f1xx.o
 .debug_info    0x00013956      0xf2c Src\usb_device.o
 .debug_info    0x00014882     0x10e8 Src\usbd_cdc_if.o
 .debug_info    0x0001596a     0x213c Src\usbd_conf.o
 .debug_info    0x00017aa6      0xe81 Src\usbd_desc.o
 .debug_info    0x00018927       0x83 startup\startup_stm32f103xb.o

.debug_abbrev   0x00000000     0x3ab8
 .debug_abbrev  0x00000000      0x24a Drivers\STM32F1xx_HAL_Driver\Src\stm32f1xx_hal.o
 .debug_abbrev  0x0000024a      0x2f8 Drivers\STM32F1xx_HAL_Driver\Src\stm32f1xx_hal_cortex.o
 .debug_abbrev  0x00000542      0x1e4 Drivers\STM32F1xx_HAL_Driver\Src\stm32f1xx_hal_gpio.o
 .debug_abbrev  0x00000726      0x313 Drivers\STM32F1xx_HAL_Driver\Src\stm32f1xx_hal_pcd.o
 .debug_abbrev  0x00000a39      0x1b1 Drivers\STM32F1xx_HAL_Driver\Src\stm32f1xx_hal_pcd_ex.o
 .debug_abbrev  0x00000bea      0x2c1 Drivers\STM32F1xx_HAL_Driver\Src\stm32f1xx_hal_rcc.o
 .debug_abbrev  0x00000eab      0x1c4 Drivers\STM32F1xx_HAL_Driver\Src\stm32f1xx_hal_rcc_ex.o
 .debug_abbrev  0x0000106f      0x335 Drivers\STM32F1xx_HAL_Driver\Src\stm32f1xx_hal_tim.o
 .debug_abbrev  0x000013a4      0x29c Drivers\STM32F1xx_HAL_Driver\Src\stm32f1xx_hal_tim_ex.o
 .debug_abbrev  0x00001640      0x2b7 Drivers\STM32F1xx_HAL_Driver\Src\stm32f1xx_ll_usb.o
 .debug_abbrev  0x000018f7      0x2f8 Middlewares\ST\STM32_USB_Device_Library\Class\CDC\Src\usbd_cdc.o
 .debug_abbrev  0x00001bef      0x326 Middlewares\ST\STM32_USB_Device_Library\Core\Src\usbd_core.o
 .debug_abbrev  0x00001f15      0x3b9 Middlewares\ST\STM32_USB_Device_Library\Core\Src\usbd_ctlreq.o
 .debug_abbrev  0x000022ce      0x1f7 Middlewares\ST\STM32_USB_Device_Library\Core\Src\usbd_ioreq.o
 .debug_abbrev  0x000024c5      0x2c8 Src\main.o
 .debug_abbrev  0x0000278d      0x1b7 Src\stm32f1xx_hal_msp.o
 .debug_abbrev  0x00002944      0x257 Src\stm32f1xx_it.o
 .debug_abbrev  0x00002b9b      0x2d9 Src\syscalls.o
 .debug_abbrev  0x00002e74      0x12f Src\system_stm32f1xx.o
 .debug_abbrev  0x00002fa3      0x1fe Src\usb_device.o
 .debug_abbrev  0x000031a1      0x2ba Src\usbd_cdc_if.o
 .debug_abbrev  0x0000345b      0x326 Src\usbd_conf.o
 .debug_abbrev  0x00003781      0x325 Src\usbd_desc.o
 .debug_abbrev  0x00003aa6       0x12 startup\startup_stm32f103xb.o

.debug_loc      0x00000000     0x8fd8
 .debug_loc     0x00000000      0x10c Drivers\STM32F1xx_HAL_Driver\Src\stm32f1xx_hal.o
 .debug_loc     0x0000010c      0x487 Drivers\STM32F1xx_HAL_Driver\Src\stm32f1xx_hal_cortex.o
 .debug_loc     0x00000593      0x2f5 Drivers\STM32F1xx_HAL_Driver\Src\stm32f1xx_hal_gpio.o
 .debug_loc     0x00000888      0xa55 Drivers\STM32F1xx_HAL_Driver\Src\stm32f1xx_hal_pcd.o
 .debug_loc     0x000012dd       0xd4 Drivers\STM32F1xx_HAL_Driver\Src\stm32f1xx_hal_pcd_ex.o
 .debug_loc     0x000013b1      0x478 Drivers\STM32F1xx_HAL_Driver\Src\stm32f1xx_hal_rcc.o
 .debug_loc     0x00001829      0x29d Drivers\STM32F1xx_HAL_Driver\Src\stm32f1xx_hal_rcc_ex.o
 .debug_loc     0x00001ac6     0x2f5a Drivers\STM32F1xx_HAL_Driver\Src\stm32f1xx_hal_tim.o
 .debug_loc     0x00004a20      0xa7c Drivers\STM32F1xx_HAL_Driver\Src\stm32f1xx_hal_tim_ex.o
 .debug_loc     0x0000549c     0x1042 Drivers\STM32F1xx_HAL_Driver\Src\stm32f1xx_ll_usb.o
 .debug_loc     0x000064de      0x623 Middlewares\ST\STM32_USB_Device_Library\Class\CDC\Src\usbd_cdc.o
 .debug_loc     0x00006b01      0x74e Middlewares\ST\STM32_USB_Device_Library\Core\Src\usbd_core.o
 .debug_loc     0x0000724f      0x953 Middlewares\ST\STM32_USB_Device_Library\Core\Src\usbd_ctlreq.o
 .debug_loc     0x00007ba2      0x23c Middlewares\ST\STM32_USB_Device_Library\Core\Src\usbd_ioreq.o
 .debug_loc     0x00007dde       0x4d Src\stm32f1xx_hal_msp.o
 .debug_loc     0x00007e2b      0x3ef Src\syscalls.o
 .debug_loc     0x0000821a       0xcd Src\system_stm32f1xx.o
 .debug_loc     0x000082e7      0x10c Src\usbd_cdc_if.o
 .debug_loc     0x000083f3      0x8ec Src\usbd_conf.o
 .debug_loc     0x00008cdf      0x2f9 Src\usbd_desc.o

.debug_aranges  0x00000000      0xd20
 .debug_aranges
                0x00000000       0xd8 Drivers\STM32F1xx_HAL_Driver\Src\stm32f1xx_hal.o
 .debug_aranges
                0x000000d8       0x90 Drivers\STM32F1xx_HAL_Driver\Src\stm32f1xx_hal_cortex.o
 .debug_aranges
                0x00000168       0x58 Drivers\STM32F1xx_HAL_Driver\Src\stm32f1xx_hal_gpio.o
 .debug_aranges
                0x000001c0       0xc0 Drivers\STM32F1xx_HAL_Driver\Src\stm32f1xx_hal_pcd.o
 .debug_aranges
                0x00000280       0x28 Drivers\STM32F1xx_HAL_Driver\Src\stm32f1xx_hal_pcd_ex.o
 .debug_aranges
                0x000002a8       0x88 Drivers\STM32F1xx_HAL_Driver\Src\stm32f1xx_hal_rcc.o
 .debug_aranges
                0x00000330       0x30 Drivers\STM32F1xx_HAL_Driver\Src\stm32f1xx_hal_rcc_ex.o
 .debug_aranges
                0x00000360      0x278 Drivers\STM32F1xx_HAL_Driver\Src\stm32f1xx_hal_tim.o
 .debug_aranges
                0x000005d8       0xf8 Drivers\STM32F1xx_HAL_Driver\Src\stm32f1xx_hal_tim_ex.o
 .debug_aranges
                0x000006d0       0xe0 Drivers\STM32F1xx_HAL_Driver\Src\stm32f1xx_ll_usb.o
 .debug_aranges
                0x000007b0       0x90 Middlewares\ST\STM32_USB_Device_Library\Class\CDC\Src\usbd_cdc.o
 .debug_aranges
                0x00000840       0xa8 Middlewares\ST\STM32_USB_Device_Library\Core\Src\usbd_core.o
 .debug_aranges
                0x000008e8       0x50 Middlewares\ST\STM32_USB_Device_Library\Core\Src\usbd_ctlreq.o
 .debug_aranges
                0x00000938       0x50 Middlewares\ST\STM32_USB_Device_Library\Core\Src\usbd_ioreq.o
 .debug_aranges
                0x00000988       0x30 Src\main.o
 .debug_aranges
                0x000009b8       0x30 Src\stm32f1xx_hal_msp.o
 .debug_aranges
                0x000009e8       0x70 Src\stm32f1xx_it.o
 .debug_aranges
                0x00000a58       0xb0 Src\syscalls.o
 .debug_aranges
                0x00000b08       0x28 Src\system_stm32f1xx.o
 .debug_aranges
                0x00000b30       0x20 Src\usb_device.o
 .debug_aranges
                0x00000b50       0x40 Src\usbd_cdc_if.o
 .debug_aranges
                0x00000b90      0x110 Src\usbd_conf.o
 .debug_aranges
                0x00000ca0       0x58 Src\usbd_desc.o
 .debug_aranges
                0x00000cf8       0x28 startup\startup_stm32f103xb.o

.debug_ranges   0x00000000     0x1188
 .debug_ranges  0x00000000       0xc8 Drivers\STM32F1xx_HAL_Driver\Src\stm32f1xx_hal.o
 .debug_ranges  0x000000c8      0x128 Drivers\STM32F1xx_HAL_Driver\Src\stm32f1xx_hal_cortex.o
 .debug_ranges  0x000001f0       0x60 Drivers\STM32F1xx_HAL_Driver\Src\stm32f1xx_hal_gpio.o
 .debug_ranges  0x00000250      0x170 Drivers\STM32F1xx_HAL_Driver\Src\stm32f1xx_hal_pcd.o
 .debug_ranges  0x000003c0       0x18 Drivers\STM32F1xx_HAL_Driver\Src\stm32f1xx_hal_pcd_ex.o
 .debug_ranges  0x000003d8       0xa0 Drivers\STM32F1xx_HAL_Driver\Src\stm32f1xx_hal_rcc.o
 .debug_ranges  0x00000478       0x40 Drivers\STM32F1xx_HAL_Driver\Src\stm32f1xx_hal_rcc_ex.o
 .debug_ranges  0x000004b8      0x348 Drivers\STM32F1xx_HAL_Driver\Src\stm32f1xx_hal_tim.o
 .debug_ranges  0x00000800       0xe8 Drivers\STM32F1xx_HAL_Driver\Src\stm32f1xx_hal_tim_ex.o
 .debug_ranges  0x000008e8      0x2c0 Drivers\STM32F1xx_HAL_Driver\Src\stm32f1xx_ll_usb.o
 .debug_ranges  0x00000ba8       0x80 Middlewares\ST\STM32_USB_Device_Library\Class\CDC\Src\usbd_cdc.o
 .debug_ranges  0x00000c28       0x98 Middlewares\ST\STM32_USB_Device_Library\Core\Src\usbd_core.o
 .debug_ranges  0x00000cc0       0x78 Middlewares\ST\STM32_USB_Device_Library\Core\Src\usbd_ctlreq.o
 .debug_ranges  0x00000d38       0x40 Middlewares\ST\STM32_USB_Device_Library\Core\Src\usbd_ioreq.o
 .debug_ranges  0x00000d78       0x98 Src\main.o
 .debug_ranges  0x00000e10       0x90 Src\stm32f1xx_hal_msp.o
 .debug_ranges  0x00000ea0       0x60 Src\stm32f1xx_it.o
 .debug_ranges  0x00000f00       0xa0 Src\syscalls.o
 .debug_ranges  0x00000fa0       0x18 Src\system_stm32f1xx.o
 .debug_ranges  0x00000fb8       0x10 Src\usb_device.o
 .debug_ranges  0x00000fc8       0x30 Src\usbd_cdc_if.o
 .debug_ranges  0x00000ff8      0x128 Src\usbd_conf.o
 .debug_ranges  0x00001120       0x48 Src\usbd_desc.o
 .debug_ranges  0x00001168       0x20 startup\startup_stm32f103xb.o

.debug_line     0x00000000     0x7134
 .debug_line    0x00000000      0x3eb Drivers\STM32F1xx_HAL_Driver\Src\stm32f1xx_hal.o
 .debug_line    0x000003eb      0x3e6 Drivers\STM32F1xx_HAL_Driver\Src\stm32f1xx_hal_cortex.o
 .debug_line    0x000007d1      0x3ab Drivers\STM32F1xx_HAL_Driver\Src\stm32f1xx_hal_gpio.o
 .debug_line    0x00000b7c      0x69f Drivers\STM32F1xx_HAL_Driver\Src\stm32f1xx_hal_pcd.o
 .debug_line    0x0000121b      0x268 Drivers\STM32F1xx_HAL_Driver\Src\stm32f1xx_hal_pcd_ex.o
 .debug_line    0x00001483      0x582 Drivers\STM32F1xx_HAL_Driver\Src\stm32f1xx_hal_rcc.o
 .debug_line    0x00001a05      0x336 Drivers\STM32F1xx_HAL_Driver\Src\stm32f1xx_hal_rcc_ex.o
 .debug_line    0x00001d3b     0x1179 Drivers\STM32F1xx_HAL_Driver\Src\stm32f1xx_hal_tim.o
 .debug_line    0x00002eb4      0x6d5 Drivers\STM32F1xx_HAL_Driver\Src\stm32f1xx_hal_tim_ex.o
 .debug_line    0x00003589      0x5c1 Drivers\STM32F1xx_HAL_Driver\Src\stm32f1xx_ll_usb.o
 .debug_line    0x00003b4a      0x5cd Middlewares\ST\STM32_USB_Device_Library\Class\CDC\Src\usbd_cdc.o
 .debug_line    0x00004117      0x560 Middlewares\ST\STM32_USB_Device_Library\Core\Src\usbd_core.o
 .debug_line    0x00004677      0x500 Middlewares\ST\STM32_USB_Device_Library\Core\Src\usbd_ctlreq.o
 .debug_line    0x00004b77      0x3c2 Middlewares\ST\STM32_USB_Device_Library\Core\Src\usbd_ioreq.o
 .debug_line    0x00004f39      0x465 Src\main.o
 .debug_line    0x0000539e      0x27d Src\stm32f1xx_hal_msp.o
 .debug_line    0x0000561b      0x344 Src\stm32f1xx_it.o
 .debug_line    0x0000595f      0x3c0 Src\syscalls.o
 .debug_line    0x00005d1f      0x228 Src\system_stm32f1xx.o
 .debug_line    0x00005f47      0x39d Src\usb_device.o
 .debug_line    0x000062e4      0x3be Src\usbd_cdc_if.o
 .debug_line    0x000066a2      0x63a Src\usbd_conf.o
 .debug_line    0x00006cdc      0x3db Src\usbd_desc.o
 .debug_line    0x000070b7       0x7d startup\startup_stm32f103xb.o

.debug_str      0x00000000     0x48dd
 .debug_str     0x00000000      0x80b Drivers\STM32F1xx_HAL_Driver\Src\stm32f1xx_hal.o
                                0x874 (size before relaxing)
 .debug_str     0x0000080b      0x3c5 Drivers\STM32F1xx_HAL_Driver\Src\stm32f1xx_hal_cortex.o
                                0x996 (size before relaxing)
 .debug_str     0x00000bd0      0x1c9 Drivers\STM32F1xx_HAL_Driver\Src\stm32f1xx_hal_gpio.o
                                0x4e7 (size before relaxing)
 .debug_str     0x00000d99      0x7d9 Drivers\STM32F1xx_HAL_Driver\Src\stm32f1xx_hal_pcd.o
                                0xaee (size before relaxing)
 .debug_str     0x00001572      0x170 Drivers\STM32F1xx_HAL_Driver\Src\stm32f1xx_hal_pcd_ex.o
                                0x784 (size before relaxing)
 .debug_str     0x000016e2      0x331 Drivers\STM32F1xx_HAL_Driver\Src\stm32f1xx_hal_rcc.o
                                0x6d0 (size before relaxing)
 .debug_str     0x00001a13      0x12b Drivers\STM32F1xx_HAL_Driver\Src\stm32f1xx_hal_rcc_ex.o
                                0x4a8 (size before relaxing)
 .debug_str     0x00001b3e     0x117b Drivers\STM32F1xx_HAL_Driver\Src\stm32f1xx_hal_tim.o
                               0x1518 (size before relaxing)
 .debug_str     0x00002cb9      0x548 Drivers\STM32F1xx_HAL_Driver\Src\stm32f1xx_hal_tim_ex.o
                                0xd30 (size before relaxing)
 .debug_str     0x00003201      0x197 Drivers\STM32F1xx_HAL_Driver\Src\stm32f1xx_ll_usb.o
                                0x7ee (size before relaxing)
 .debug_str     0x00003398      0xa2a Middlewares\ST\STM32_USB_Device_Library\Class\CDC\Src\usbd_cdc.o
                               0x10e8 (size before relaxing)
 .debug_str     0x00003dc2      0x2b9 Middlewares\ST\STM32_USB_Device_Library\Core\Src\usbd_core.o
                                0xd4d (size before relaxing)
 .debug_str     0x0000407b      0x120 Middlewares\ST\STM32_USB_Device_Library\Core\Src\usbd_ctlreq.o
                                0xc46 (size before relaxing)
 .debug_str     0x0000419b       0x51 Middlewares\ST\STM32_USB_Device_Library\Core\Src\usbd_ioreq.o
                                0xb73 (size before relaxing)
 .debug_str     0x000041ec       0x77 Src\main.o
                               0x1173 (size before relaxing)
 .debug_str     0x00004263       0x25 Src\stm32f1xx_hal_msp.o
                                0x9fa (size before relaxing)
 .debug_str     0x00004288      0x13f Src\stm32f1xx_it.o
                                0xaff (size before relaxing)
 .debug_str     0x000043c7      0x244 Src\syscalls.o
                                0x862 (size before relaxing)
 .debug_str     0x0000460b       0x4d Src\system_stm32f1xx.o
                                0x356 (size before relaxing)
 .debug_str     0x00004658       0x40 Src\usb_device.o
                                0xb36 (size before relaxing)
 .debug_str     0x00004698       0x7b Src\usbd_cdc_if.o
                                0xc06 (size before relaxing)
 .debug_str     0x00004713       0x65 Src\usbd_conf.o
                               0x1679 (size before relaxing)
 .debug_str     0x00004778      0x165 Src\usbd_desc.o
                                0x941 (size before relaxing)

.comment        0x00000000       0x7c
 .comment       0x00000000       0x7c Drivers\STM32F1xx_HAL_Driver\Src\stm32f1xx_hal.o
                                 0x7d (size before relaxing)
 .comment       0x0000007c       0x7d Drivers\STM32F1xx_HAL_Driver\Src\stm32f1xx_hal_cortex.o
 .comment       0x0000007c       0x7d Drivers\STM32F1xx_HAL_Driver\Src\stm32f1xx_hal_gpio.o
 .comment       0x0000007c       0x7d Drivers\STM32F1xx_HAL_Driver\Src\stm32f1xx_hal_pcd.o
 .comment       0x0000007c       0x7d Drivers\STM32F1xx_HAL_Driver\Src\stm32f1xx_hal_pcd_ex.o
 .comment       0x0000007c       0x7d Drivers\STM32F1xx_HAL_Driver\Src\stm32f1xx_hal_rcc.o
 .comment       0x0000007c       0x7d Drivers\STM32F1xx_HAL_Driver\Src\stm32f1xx_hal_rcc_ex.o
 .comment       0x0000007c       0x7d Drivers\STM32F1xx_HAL_Driver\Src\stm32f1xx_hal_tim.o
 .comment       0x0000007c       0x7d Drivers\STM32F1xx_HAL_Driver\Src\stm32f1xx_hal_tim_ex.o
 .comment       0x0000007c       0x7d Drivers\STM32F1xx_HAL_Driver\Src\stm32f1xx_ll_usb.o
 .comment       0x0000007c       0x7d Middlewares\ST\STM32_USB_Device_Library\Class\CDC\Src\usbd_cdc.o
 .comment       0x0000007c       0x7d Middlewares\ST\STM32_USB_Device_Library\Core\Src\usbd_core.o
 .comment       0x0000007c       0x7d Middlewares\ST\STM32_USB_Device_Library\Core\Src\usbd_ctlreq.o
 .comment       0x0000007c       0x7d Middlewares\ST\STM32_USB_Device_Library\Core\Src\usbd_ioreq.o
 .comment       0x0000007c       0x7d Src\main.o
 .comment       0x0000007c       0x7d Src\stm32f1xx_hal_msp.o
 .comment       0x0000007c       0x7d Src\stm32f1xx_it.o
 .comment       0x0000007c       0x7d Src\syscalls.o
 .comment       0x0000007c       0x7d Src\system_stm32f1xx.o
 .comment       0x0000007c       0x7d Src\usb_device.o
 .comment       0x0000007c       0x7d Src\usbd_cdc_if.o
 .comment       0x0000007c       0x7d Src\usbd_conf.o
 .comment       0x0000007c       0x7d Src\usbd_desc.o

.debug_frame    0x00000000     0x2b80
 .debug_frame   0x00000000      0x1d4 Drivers\STM32F1xx_HAL_Driver\Src\stm32f1xx_hal.o
 .debug_frame   0x000001d4      0x120 Drivers\STM32F1xx_HAL_Driver\Src\stm32f1xx_hal_cortex.o
 .debug_frame   0x000002f4       0xd4 Drivers\STM32F1xx_HAL_Driver\Src\stm32f1xx_hal_gpio.o
 .debug_frame   0x000003c8      0x2bc Drivers\STM32F1xx_HAL_Driver\Src\stm32f1xx_hal_pcd.o
 .debug_frame   0x00000684       0x50 Drivers\STM32F1xx_HAL_Driver\Src\stm32f1xx_hal_pcd_ex.o
 .debug_frame   0x000006d4      0x150 Drivers\STM32F1xx_HAL_Driver\Src\stm32f1xx_hal_rcc.o
 .debug_frame   0x00000824       0x6c Drivers\STM32F1xx_HAL_Driver\Src\stm32f1xx_hal_rcc_ex.o
 .debug_frame   0x00000890      0x928 Drivers\STM32F1xx_HAL_Driver\Src\stm32f1xx_hal_tim.o
 .debug_frame   0x000011b8      0x360 Drivers\STM32F1xx_HAL_Driver\Src\stm32f1xx_hal_tim_ex.o
 .debug_frame   0x00001518      0x240 Drivers\STM32F1xx_HAL_Driver\Src\stm32f1xx_ll_usb.o
 .debug_frame   0x00001758      0x168 Middlewares\ST\STM32_USB_Device_Library\Class\CDC\Src\usbd_cdc.o
 .debug_frame   0x000018c0      0x1c8 Middlewares\ST\STM32_USB_Device_Library\Core\Src\usbd_core.o
 .debug_frame   0x00001a88       0xcc Middlewares\ST\STM32_USB_Device_Library\Core\Src\usbd_ctlreq.o
 .debug_frame   0x00001b54       0xb0 Middlewares\ST\STM32_USB_Device_Library\Core\Src\usbd_ioreq.o
 .debug_frame   0x00001c04       0x60 Src\main.o
 .debug_frame   0x00001c64       0x50 Src\stm32f1xx_hal_msp.o
 .debug_frame   0x00001cb4      0x108 Src\stm32f1xx_it.o
 .debug_frame   0x00001dbc      0x1a8 Src\syscalls.o
 .debug_frame   0x00001f64       0x30 Src\system_stm32f1xx.o
 .debug_frame   0x00001f94       0x30 Src\usb_device.o
 .debug_frame   0x00001fc4       0x80 Src\usbd_cdc_if.o
 .debug_frame   0x00002044      0x27c Src\usbd_conf.o
 .debug_frame   0x000022c0       0xc4 Src\usbd_desc.o
 .debug_frame   0x00002384       0x20 c:/program files (x86)/atollic/truestudio for stm32 9.3.0/armtools/bin/../lib/gcc/arm-atollic-eabi/6.3.1/../../../../arm-atollic-eabi/lib/armv7-m\libc_nano.a(lib_a-errno.o)
 .debug_frame   0x000023a4       0x2c c:/program files (x86)/atollic/truestudio for stm32 9.3.0/armtools/bin/../lib/gcc/arm-atollic-eabi/6.3.1/../../../../arm-atollic-eabi/lib/armv7-m\libc_nano.a(lib_a-init.o)
 .debug_frame   0x000023d0       0x20 c:/program files (x86)/atollic/truestudio for stm32 9.3.0/armtools/bin/../lib/gcc/arm-atollic-eabi/6.3.1/../../../../arm-atollic-eabi/lib/armv7-m\libc_nano.a(lib_a-memset.o)
 .debug_frame   0x000023f0       0x74 c:/program files (x86)/atollic/truestudio for stm32 9.3.0/armtools/bin/../lib/gcc/arm-atollic-eabi/6.3.1/../../../../arm-atollic-eabi/lib/armv7-m\libc_nano.a(lib_a-printf.o)
 .debug_frame   0x00002464       0x58 c:/program files (x86)/atollic/truestudio for stm32 9.3.0/armtools/bin/../lib/gcc/arm-atollic-eabi/6.3.1/../../../../arm-atollic-eabi/lib/armv7-m\libc_nano.a(lib_a-putchar.o)
 .debug_frame   0x000024bc      0x11c c:/program files (x86)/atollic/truestudio for stm32 9.3.0/armtools/bin/../lib/gcc/arm-atollic-eabi/6.3.1/../../../../arm-atollic-eabi/lib/armv7-m\libc_nano.a(lib_a-findfp.o)
 .debug_frame   0x000025d8       0x54 c:/program files (x86)/atollic/truestudio for stm32 9.3.0/armtools/bin/../lib/gcc/arm-atollic-eabi/6.3.1/../../../../arm-atollic-eabi/lib/armv7-m\libc_nano.a(lib_a-fwalk.o)
 .debug_frame   0x0000262c       0x2c c:/program files (x86)/atollic/truestudio for stm32 9.3.0/armtools/bin/../lib/gcc/arm-atollic-eabi/6.3.1/../../../../arm-atollic-eabi/lib/armv7-m\libc_nano.a(lib_a-nano-mallocr.o)
 .debug_frame   0x00002658       0xac c:/program files (x86)/atollic/truestudio for stm32 9.3.0/armtools/bin/../lib/gcc/arm-atollic-eabi/6.3.1/../../../../arm-atollic-eabi/lib/armv7-m\libc_nano.a(lib_a-nano-vfprintf.o)
 .debug_frame   0x00002704       0x60 c:/program files (x86)/atollic/truestudio for stm32 9.3.0/armtools/bin/../lib/gcc/arm-atollic-eabi/6.3.1/../../../../arm-atollic-eabi/lib/armv7-m\libc_nano.a(lib_a-nano-vfprintf_i.o)
 .debug_frame   0x00002764       0x48 c:/program files (x86)/atollic/truestudio for stm32 9.3.0/armtools/bin/../lib/gcc/arm-atollic-eabi/6.3.1/../../../../arm-atollic-eabi/lib/armv7-m\libc_nano.a(lib_a-putc.o)
 .debug_frame   0x000027ac       0x2c c:/program files (x86)/atollic/truestudio for stm32 9.3.0/armtools/bin/../lib/gcc/arm-atollic-eabi/6.3.1/../../../../arm-atollic-eabi/lib/armv7-m\libc_nano.a(lib_a-sbrkr.o)
 .debug_frame   0x000027d8       0x88 c:/program files (x86)/atollic/truestudio for stm32 9.3.0/armtools/bin/../lib/gcc/arm-atollic-eabi/6.3.1/../../../../arm-atollic-eabi/lib/armv7-m\libc_nano.a(lib_a-stdio.o)
 .debug_frame   0x00002860       0x40 c:/program files (x86)/atollic/truestudio for stm32 9.3.0/armtools/bin/../lib/gcc/arm-atollic-eabi/6.3.1/../../../../arm-atollic-eabi/lib/armv7-m\libc_nano.a(lib_a-wbuf.o)
 .debug_frame   0x000028a0       0x2c c:/program files (x86)/atollic/truestudio for stm32 9.3.0/armtools/bin/../lib/gcc/arm-atollic-eabi/6.3.1/../../../../arm-atollic-eabi/lib/armv7-m\libc_nano.a(lib_a-writer.o)
 .debug_frame   0x000028cc       0x2c c:/program files (x86)/atollic/truestudio for stm32 9.3.0/armtools/bin/../lib/gcc/arm-atollic-eabi/6.3.1/../../../../arm-atollic-eabi/lib/armv7-m\libc_nano.a(lib_a-wsetup.o)
 .debug_frame   0x000028f8       0x2c c:/program files (x86)/atollic/truestudio for stm32 9.3.0/armtools/bin/../lib/gcc/arm-atollic-eabi/6.3.1/../../../../arm-atollic-eabi/lib/armv7-m\libc_nano.a(lib_a-closer.o)
 .debug_frame   0x00002924       0x68 c:/program files (x86)/atollic/truestudio for stm32 9.3.0/armtools/bin/../lib/gcc/arm-atollic-eabi/6.3.1/../../../../arm-atollic-eabi/lib/armv7-m\libc_nano.a(lib_a-fflush.o)
 .debug_frame   0x0000298c       0x2c c:/program files (x86)/atollic/truestudio for stm32 9.3.0/armtools/bin/../lib/gcc/arm-atollic-eabi/6.3.1/../../../../arm-atollic-eabi/lib/armv7-m\libc_nano.a(lib_a-lseekr.o)
 .debug_frame   0x000029b8       0x58 c:/program files (x86)/atollic/truestudio for stm32 9.3.0/armtools/bin/../lib/gcc/arm-atollic-eabi/6.3.1/../../../../arm-atollic-eabi/lib/armv7-m\libc_nano.a(lib_a-makebuf.o)
 .debug_frame   0x00002a10       0x28 c:/program files (x86)/atollic/truestudio for stm32 9.3.0/armtools/bin/../lib/gcc/arm-atollic-eabi/6.3.1/../../../../arm-atollic-eabi/lib/armv7-m\libc_nano.a(lib_a-memchr-stub.o)
 .debug_frame   0x00002a38       0x30 c:/program files (x86)/atollic/truestudio for stm32 9.3.0/armtools/bin/../lib/gcc/arm-atollic-eabi/6.3.1/../../../../arm-atollic-eabi/lib/armv7-m\libc_nano.a(lib_a-mlock.o)
 .debug_frame   0x00002a68       0x38 c:/program files (x86)/atollic/truestudio for stm32 9.3.0/armtools/bin/../lib/gcc/arm-atollic-eabi/6.3.1/../../../../arm-atollic-eabi/lib/armv7-m\libc_nano.a(lib_a-nano-freer.o)
 .debug_frame   0x00002aa0       0x2c c:/program files (x86)/atollic/truestudio for stm32 9.3.0/armtools/bin/../lib/gcc/arm-atollic-eabi/6.3.1/../../../../arm-atollic-eabi/lib/armv7-m\libc_nano.a(lib_a-readr.o)
 .debug_frame   0x00002acc       0x5c c:/program files (x86)/atollic/truestudio for stm32 9.3.0/armtools/bin/../lib/gcc/arm-atollic-eabi/6.3.1/../../../../arm-atollic-eabi/lib/armv7-m\libc_nano.a(lib_a-reent.o)
 .debug_frame   0x00002b28       0x2c c:/program files (x86)/atollic/truestudio for stm32 9.3.0/armtools/bin/../lib/gcc/arm-atollic-eabi/6.3.1/../../../../arm-atollic-eabi/lib/armv7-m\libc_nano.a(lib_a-fstatr.o)
 .debug_frame   0x00002b54       0x2c c:/program files (x86)/atollic/truestudio for stm32 9.3.0/armtools/bin/../lib/gcc/arm-atollic-eabi/6.3.1/../../../../arm-atollic-eabi/lib/armv7-m\libc_nano.a(lib_a-isattyr.o)
